// Vitest Snapshot v1, https://vitest.dev/guide/snapshot.html

exports[`<Dashboard /> responsive snapshots > matches the desktop viewport snapshot 1`] = `
<DocumentFragment>
  <section
    class="_dashboard_6dc87e"
    data-testid="dashboard"
  >
    <div
      class="_chartCard_6dc87e"
    >
      <h3
        class="_chartTitle_6dc87e"
      >
        CPU Usage
      </h3>
      <div
        aria-label="CPU usage chart"
        data-testid="cpu-chart"
        role="img"
      >
        <div
          class="recharts-wrapper"
          style="position: relative; cursor: default; width: 600px; height: 300px;"
        >
          <svg
            class="recharts-surface"
            height="300"
            style="width: 100%; height: 100%;"
            viewBox="0 0 600 300"
            width="600"
          >
            <title />
            <desc />
            <defs>
              <clippath
                id="recharts1-clip"
              >
                <rect
                  height="254"
                  width="468"
                  x="108"
                  y="8"
                />
              </clippath>
            </defs>
            <g
              class="recharts-layer recharts-cartesian-axis recharts-xAxis xAxis"
            >
              <line
                class="recharts-cartesian-axis-line"
                fill="none"
                height="30"
                orientation="bottom"
                stroke="#666"
                width="468"
                x="108"
                x1="108"
                x2="576"
                y="262"
                y1="262"
                y2="262"
              />
              <g
                class="recharts-cartesian-axis-ticks"
              >
                <g
                  class="recharts-layer recharts-cartesian-axis-tick"
                >
                  <line
                    class="recharts-cartesian-axis-tick-line"
                    fill="none"
                    height="30"
                    orientation="bottom"
                    stroke="#666"
                    width="468"
                    x="108"
                    x1="342"
                    x2="342"
                    y="262"
                    y1="268"
                    y2="262"
                  />
                  <text
                    class="recharts-text recharts-cartesian-axis-tick-value"
                    fill="#666"
                    height="30"
                    orientation="bottom"
                    stroke="none"
                    text-anchor="middle"
                    width="468"
                    x="342"
                    y="270"
                  >
                    <tspan
                      dy="0.71em"
                      x="342"
                    >
                      18:00:00
                    </tspan>
                  </text>
                </g>
              </g>
            </g>
            <g
              class="recharts-layer recharts-cartesian-axis recharts-yAxis yAxis"
            >
              <line
                class="recharts-cartesian-axis-line"
                fill="none"
                height="254"
                orientation="left"
                stroke="#666"
                width="100"
                x="8"
                x1="108"
                x2="108"
                y="8"
                y1="8"
                y2="262"
              />
              <g
                class="recharts-cartesian-axis-ticks"
              >
                <g
                  class="recharts-layer recharts-cartesian-axis-tick"
                >
                  <line
                    class="recharts-cartesian-axis-tick-line"
                    fill="none"
                    height="254"
                    orientation="left"
                    stroke="#666"
                    width="100"
                    x="8"
                    x1="102"
                    x2="108"
                    y="8"
                    y1="262"
                    y2="262"
                  />
                  <text
                    class="recharts-text recharts-cartesian-axis-tick-value"
                    fill="#666"
                    height="254"
                    orientation="left"
                    stroke="none"
                    text-anchor="end"
                    width="100"
                    x="100"
                    y="262"
                  >
                    <tspan
                      dy="0.355em"
                      x="100"
                    >
                      0 %
                    </tspan>
                  </text>
                </g>
                <g
                  class="recharts-layer recharts-cartesian-axis-tick"
                >
                  <line
                    class="recharts-cartesian-axis-tick-line"
                    fill="none"
                    height="254"
                    orientation="left"
                    stroke="#666"
                    width="100"
                    x="8"
                    x1="102"
                    x2="108"
                    y="8"
                    y1="198.5"
                    y2="198.5"
                  />
                  <text
                    class="recharts-text recharts-cartesian-axis-tick-value"
                    fill="#666"
                    height="254"
                    orientation="left"
                    stroke="none"
                    text-anchor="end"
                    width="100"
                    x="100"
                    y="198.5"
                  >
                    <tspan
                      dy="0.355em"
                      x="100"
                    >
                      25 %
                    </tspan>
                  </text>
                </g>
                <g
                  class="recharts-layer recharts-cartesian-axis-tick"
                >
                  <line
                    class="recharts-cartesian-axis-tick-line"
                    fill="none"
                    height="254"
                    orientation="left"
                    stroke="#666"
                    width="100"
                    x="8"
                    x1="102"
                    x2="108"
                    y="8"
                    y1="135"
                    y2="135"
                  />
                  <text
                    class="recharts-text recharts-cartesian-axis-tick-value"
                    fill="#666"
                    height="254"
                    orientation="left"
                    stroke="none"
                    text-anchor="end"
                    width="100"
                    x="100"
                    y="135"
                  >
                    <tspan
                      dy="0.355em"
                      x="100"
                    >
                      50 %
                    </tspan>
                  </text>
                </g>
                <g
                  class="recharts-layer recharts-cartesian-axis-tick"
                >
                  <line
                    class="recharts-cartesian-axis-tick-line"
                    fill="none"
                    height="254"
                    orientation="left"
                    stroke="#666"
                    width="100"
                    x="8"
                    x1="102"
                    x2="108"
                    y="8"
                    y1="71.5"
                    y2="71.5"
                  />
                  <text
                    class="recharts-text recharts-cartesian-axis-tick-value"
                    fill="#666"
                    height="254"
                    orientation="left"
                    stroke="none"
                    text-anchor="end"
                    width="100"
                    x="100"
                    y="71.5"
                  >
                    <tspan
                      dy="0.355em"
                      x="100"
                    >
                      75 %
                    </tspan>
                  </text>
                </g>
                <g
                  class="recharts-layer recharts-cartesian-axis-tick"
                >
                  <line
                    class="recharts-cartesian-axis-tick-line"
                    fill="none"
                    height="254"
                    orientation="left"
                    stroke="#666"
                    width="100"
                    x="8"
                    x1="102"
                    x2="108"
                    y="8"
                    y1="8"
                    y2="8"
                  />
                  <text
                    class="recharts-text recharts-cartesian-axis-tick-value"
                    fill="#666"
                    height="254"
                    orientation="left"
                    stroke="none"
                    text-anchor="end"
                    width="100"
                    x="100"
                    y="8"
                  >
                    <tspan
                      dy="0.355em"
                      x="100"
                    >
                      100 %
                    </tspan>
                  </text>
                </g>
              </g>
            </g>
            <g
              class="recharts-layer recharts-line"
            >
              <g
                class="recharts-layer"
              />
              <g
                class="recharts-layer recharts-line-dots"
              >
                <circle
                  class="recharts-dot recharts-line-dot"
                  cx="342"
                  cy="155.32000000000002"
                  fill="#fff"
                  height="254"
                  r="4"
                  stroke="#3182bd"
                  stroke-width="1"
                  width="468"
                />
              </g>
            </g>
          </svg>
        </div>
      </div>
    </div>
    <div
      class="_chartCard_6dc87e"
    >
      <h3
        class="_chartTitle_6dc87e"
      >
        Memory Usage
      </h3>
      <div
        aria-label="Memory usage chart"
        data-testid="memory-chart"
        role="img"
      >
        <div
          class="recharts-wrapper"
          style="position: relative; cursor: default; width: 600px; height: 300px;"
        >
          <svg
            class="recharts-surface"
            height="300"
            style="width: 100%; height: 100%;"
            viewBox="0 0 600 300"
            width="600"
          >
            <title />
            <desc />
            <defs>
              <clippath
                id="recharts4-clip"
              >
                <rect
                  height="254"
                  width="468"
                  x="108"
                  y="8"
                />
              </clippath>
            </defs>
            <g
              class="recharts-layer recharts-cartesian-axis recharts-xAxis xAxis"
            >
              <line
                class="recharts-cartesian-axis-line"
                fill="none"
                height="30"
                orientation="bottom"
                stroke="#666"
                width="468"
                x="108"
                x1="108"
                x2="576"
                y="262"
                y1="262"
                y2="262"
              />
              <g
                class="recharts-cartesian-axis-ticks"
              >
                <g
                  class="recharts-layer recharts-cartesian-axis-tick"
                >
                  <line
                    class="recharts-cartesian-axis-tick-line"
                    fill="none"
                    height="30"
                    orientation="bottom"
                    stroke="#666"
                    width="468"
                    x="108"
                    x1="342"
                    x2="342"
                    y="262"
                    y1="268"
                    y2="262"
                  />
                  <text
                    class="recharts-text recharts-cartesian-axis-tick-value"
                    fill="#666"
                    height="30"
                    orientation="bottom"
                    stroke="none"
                    text-anchor="middle"
                    width="468"
                    x="342"
                    y="270"
                  >
                    <tspan
                      dy="0.71em"
                      x="342"
                    >
                      18:00:00
                    </tspan>
                  </text>
                </g>
              </g>
            </g>
            <g
              class="recharts-layer recharts-cartesian-axis recharts-yAxis yAxis"
            >
              <line
                class="recharts-cartesian-axis-line"
                fill="none"
                height="254"
                orientation="left"
                stroke="#666"
                width="100"
                x="8"
                x1="108"
                x2="108"
                y="8"
                y1="8"
                y2="262"
              />
              <g
                class="recharts-cartesian-axis-ticks"
              >
                <g
                  class="recharts-layer recharts-cartesian-axis-tick"
                >
                  <line
                    class="recharts-cartesian-axis-tick-line"
                    fill="none"
                    height="254"
                    orientation="left"
                    stroke="#666"
                    width="100"
                    x="8"
                    x1="102"
                    x2="108"
                    y="8"
                    y1="262"
                    y2="262"
                  />
                  <text
                    class="recharts-text recharts-cartesian-axis-tick-value"
                    fill="#666"
                    height="254"
                    orientation="left"
                    stroke="none"
                    text-anchor="end"
                    width="100"
                    x="100"
                    y="262"
                  >
                    <tspan
                      dy="0.355em"
                      x="100"
                    >
                      0 %
                    </tspan>
                  </text>
                </g>
                <g
                  class="recharts-layer recharts-cartesian-axis-tick"
                >
                  <line
                    class="recharts-cartesian-axis-tick-line"
                    fill="none"
                    height="254"
                    orientation="left"
                    stroke="#666"
                    width="100"
                    x="8"
                    x1="102"
                    x2="108"
                    y="8"
                    y1="198.5"
                    y2="198.5"
                  />
                  <text
                    class="recharts-text recharts-cartesian-axis-tick-value"
                    fill="#666"
                    height="254"
                    orientation="left"
                    stroke="none"
                    text-anchor="end"
                    width="100"
                    x="100"
                    y="198.5"
                  >
                    <tspan
                      dy="0.355em"
                      x="100"
                    >
                      25 %
                    </tspan>
                  </text>
                </g>
                <g
                  class="recharts-layer recharts-cartesian-axis-tick"
                >
                  <line
                    class="recharts-cartesian-axis-tick-line"
                    fill="none"
                    height="254"
                    orientation="left"
                    stroke="#666"
                    width="100"
                    x="8"
                    x1="102"
                    x2="108"
                    y="8"
                    y1="135"
                    y2="135"
                  />
                  <text
                    class="recharts-text recharts-cartesian-axis-tick-value"
                    fill="#666"
                    height="254"
                    orientation="left"
                    stroke="none"
                    text-anchor="end"
                    width="100"
                    x="100"
                    y="135"
                  >
                    <tspan
                      dy="0.355em"
                      x="100"
                    >
                      50 %
                    </tspan>
                  </text>
                </g>
                <g
                  class="recharts-layer recharts-cartesian-axis-tick"
                >
                  <line
                    class="recharts-cartesian-axis-tick-line"
                    fill="none"
                    height="254"
                    orientation="left"
                    stroke="#666"
                    width="100"
                    x="8"
                    x1="102"
                    x2="108"
                    y="8"
                    y1="71.5"
                    y2="71.5"
                  />
                  <text
                    class="recharts-text recharts-cartesian-axis-tick-value"
                    fill="#666"
                    height="254"
                    orientation="left"
                    stroke="none"
                    text-anchor="end"
                    width="100"
                    x="100"
                    y="71.5"
                  >
                    <tspan
                      dy="0.355em"
                      x="100"
                    >
                      75 %
                    </tspan>
                  </text>
                </g>
                <g
                  class="recharts-layer recharts-cartesian-axis-tick"
                >
                  <line
                    class="recharts-cartesian-axis-tick-line"
                    fill="none"
                    height="254"
                    orientation="left"
                    stroke="#666"
                    width="100"
                    x="8"
                    x1="102"
                    x2="108"
                    y="8"
                    y1="8"
                    y2="8"
                  />
                  <text
                    class="recharts-text recharts-cartesian-axis-tick-value"
                    fill="#666"
                    height="254"
                    orientation="left"
                    stroke="none"
                    text-anchor="end"
                    width="100"
                    x="100"
                    y="8"
                  >
                    <tspan
                      dy="0.355em"
                      x="100"
                    >
                      100 %
                    </tspan>
                  </text>
                </g>
              </g>
            </g>
            <g
              class="recharts-layer recharts-line"
            >
              <g
                class="recharts-layer"
              />
              <g
                class="recharts-layer recharts-line-dots"
              >
                <circle
                  class="recharts-dot recharts-line-dot"
                  cx="342"
                  cy="135"
                  fill="#fff"
                  height="254"
                  r="4"
                  stroke="#3182bd"
                  stroke-width="1"
                  width="468"
                />
              </g>
            </g>
          </svg>
        </div>
      </div>
    </div>
    <div
      class="_chartCard_6dc87e"
    >
      <h3
        class="_chartTitle_6dc87e"
      >
        Disk Usage
      </h3>
      <div
        aria-label="Disk usage chart"
        data-testid="disk-chart"
        role="img"
      >
        <div
          class="recharts-wrapper"
          style="position: relative; cursor: default; width: 600px; height: 300px;"
        >
          <svg
            class="recharts-surface"
            height="300"
            style="width: 100%; height: 100%;"
            viewBox="0 0 600 300"
            width="600"
          >
            <title />
            <desc />
            <defs>
              <clippath
                id="recharts7-clip"
              >
                <rect
                  height="254"
                  width="468"
                  x="108"
                  y="8"
                />
              </clippath>
            </defs>
            <g
              class="recharts-layer recharts-cartesian-axis recharts-xAxis xAxis"
            >
              <line
                class="recharts-cartesian-axis-line"
                fill="none"
                height="30"
                orientation="bottom"
                stroke="#666"
                width="468"
                x="108"
                x1="108"
                x2="576"
                y="262"
                y1="262"
                y2="262"
              />
              <g
                class="recharts-cartesian-axis-ticks"
              >
                <g
                  class="recharts-layer recharts-cartesian-axis-tick"
                >
                  <line
                    class="recharts-cartesian-axis-tick-line"
                    fill="none"
                    height="30"
                    orientation="bottom"
                    stroke="#666"
                    width="468"
                    x="108"
                    x1="108"
                    x2="108"
                    y="262"
                    y1="268"
                    y2="262"
                  />
                  <text
                    class="recharts-text recharts-cartesian-axis-tick-value"
                    fill="#666"
                    height="30"
                    orientation="bottom"
                    stroke="none"
                    text-anchor="middle"
                    width="468"
                    x="108"
                    y="270"
                  >
                    <tspan
                      dy="0.71em"
                      x="108"
                    >
                      0 %
                    </tspan>
                  </text>
                </g>
                <g
                  class="recharts-layer recharts-cartesian-axis-tick"
                >
                  <line
                    class="recharts-cartesian-axis-tick-line"
                    fill="none"
                    height="30"
                    orientation="bottom"
                    stroke="#666"
                    width="468"
                    x="108"
                    x1="225"
                    x2="225"
                    y="262"
                    y1="268"
                    y2="262"
                  />
                  <text
                    class="recharts-text recharts-cartesian-axis-tick-value"
                    fill="#666"
                    height="30"
                    orientation="bottom"
                    stroke="none"
                    text-anchor="middle"
                    width="468"
                    x="225"
                    y="270"
                  >
                    <tspan
                      dy="0.71em"
                      x="225"
                    >
                      25 %
                    </tspan>
                  </text>
                </g>
                <g
                  class="recharts-layer recharts-cartesian-axis-tick"
                >
                  <line
                    class="recharts-cartesian-axis-tick-line"
                    fill="none"
                    height="30"
                    orientation="bottom"
                    stroke="#666"
                    width="468"
                    x="108"
                    x1="342"
                    x2="342"
                    y="262"
                    y1="268"
                    y2="262"
                  />
                  <text
                    class="recharts-text recharts-cartesian-axis-tick-value"
                    fill="#666"
                    height="30"
                    orientation="bottom"
                    stroke="none"
                    text-anchor="middle"
                    width="468"
                    x="342"
                    y="270"
                  >
                    <tspan
                      dy="0.71em"
                      x="342"
                    >
                      50 %
                    </tspan>
                  </text>
                </g>
                <g
                  class="recharts-layer recharts-cartesian-axis-tick"
                >
                  <line
                    class="recharts-cartesian-axis-tick-line"
                    fill="none"
                    height="30"
                    orientation="bottom"
                    stroke="#666"
                    width="468"
                    x="108"
                    x1="459"
                    x2="459"
                    y="262"
                    y1="268"
                    y2="262"
                  />
                  <text
                    class="recharts-text recharts-cartesian-axis-tick-value"
                    fill="#666"
                    height="30"
                    orientation="bottom"
                    stroke="none"
                    text-anchor="middle"
                    width="468"
                    x="459"
                    y="270"
                  >
                    <tspan
                      dy="0.71em"
                      x="459"
                    >
                      75 %
                    </tspan>
                  </text>
                </g>
                <g
                  class="recharts-layer recharts-cartesian-axis-tick"
                >
                  <line
                    class="recharts-cartesian-axis-tick-line"
                    fill="none"
                    height="30"
                    orientation="bottom"
                    stroke="#666"
                    width="468"
                    x="108"
                    x1="576"
                    x2="576"
                    y="262"
                    y1="268"
                    y2="262"
                  />
                  <text
                    class="recharts-text recharts-cartesian-axis-tick-value"
                    fill="#666"
                    height="30"
                    orientation="bottom"
                    stroke="none"
                    text-anchor="middle"
                    width="468"
                    x="576"
                    y="270"
                  >
                    <tspan
                      dy="0.71em"
                      x="576"
                    >
                      100 %
                    </tspan>
                  </text>
                </g>
              </g>
            </g>
            <g
              class="recharts-layer recharts-cartesian-axis recharts-yAxis yAxis"
            >
              <line
                class="recharts-cartesian-axis-line"
                fill="none"
                height="254"
                orientation="left"
                stroke="#666"
                width="100"
                x="8"
                x1="108"
                x2="108"
                y="8"
                y1="8"
                y2="262"
              />
              <g
                class="recharts-cartesian-axis-ticks"
              >
                <g
                  class="recharts-layer recharts-cartesian-axis-tick"
                >
                  <line
                    class="recharts-cartesian-axis-tick-line"
                    fill="none"
                    height="254"
                    orientation="left"
                    stroke="#666"
                    width="100"
                    x="8"
                    x1="102"
                    x2="108"
                    y="8"
                    y1="135"
                    y2="135"
                  />
                  <text
                    class="recharts-text recharts-cartesian-axis-tick-value"
                    fill="#666"
                    height="254"
                    orientation="left"
                    stroke="none"
                    text-anchor="end"
                    width="100"
                    x="100"
                    y="135"
                  >
                    <tspan
                      dy="0.355em"
                      x="100"
                    >
                      /
                    </tspan>
                  </text>
                </g>
              </g>
            </g>
            <g
              class="recharts-layer recharts-bar"
            >
              <g
                class="recharts-layer recharts-bar-rectangles"
              >
                <g
                  class="recharts-layer recharts-bar-rectangle"
                >
                  <path
                    class="recharts-rectangle"
                    d="M 108,33.4 h 280.79999999999995 v 203 h -280.79999999999995 Z"
                    fill="#9affc6"
                    height="203"
                    radius="0"
                    width="280.79999999999995"
                    x="108"
                    y="33.4"
                  />
                </g>
              </g>
              <g
                class="recharts-layer"
              />
            </g>
          </svg>
        </div>
      </div>
    </div>
    <p
      class="_timestamp_6dc87e"
    >
      Last updated: 6:00:00 PM
    </p>
  </section>
</DocumentFragment>
`;

exports[`<Dashboard /> responsive snapshots > matches the mobile viewport snapshot 1`] = `
<DocumentFragment>
  <section
    class="_dashboard_6dc87e"
    data-testid="dashboard"
  >
    <div
      class="_chartCard_6dc87e"
    >
      <h3
        class="_chartTitle_6dc87e"
      >
        CPU Usage
      </h3>
      <div
        aria-label="CPU usage chart"
        data-testid="cpu-chart"
        role="img"
      >
        <div
          class="recharts-wrapper"
          style="position: relative; cursor: default; width: 600px; height: 300px;"
        >
          <svg
            class="recharts-surface"
            height="300"
            style="width: 100%; height: 100%;"
            viewBox="0 0 600 300"
            width="600"
          >
            <title />
            <desc />
            <defs>
              <clippath
                id="recharts25-clip"
              >
                <rect
                  height="254"
                  width="468"
                  x="108"
                  y="8"
                />
              </clippath>
            </defs>
            <g
              class="recharts-layer recharts-cartesian-axis recharts-xAxis xAxis"
            >
              <line
                class="recharts-cartesian-axis-line"
                fill="none"
                height="30"
                orientation="bottom"
                stroke="#666"
                width="468"
                x="108"
                x1="108"
                x2="576"
                y="262"
                y1="262"
                y2="262"
              />
              <g
                class="recharts-cartesian-axis-ticks"
              >
                <g
                  class="recharts-layer recharts-cartesian-axis-tick"
                >
                  <line
                    class="recharts-cartesian-axis-tick-line"
                    fill="none"
                    height="30"
                    orientation="bottom"
                    stroke="#666"
                    width="468"
                    x="108"
                    x1="342"
                    x2="342"
                    y="262"
                    y1="268"
                    y2="262"
                  />
                  <text
                    class="recharts-text recharts-cartesian-axis-tick-value"
                    fill="#666"
                    height="30"
                    orientation="bottom"
                    stroke="none"
                    text-anchor="middle"
                    width="468"
                    x="342"
                    y="270"
                  >
                    <tspan
                      dy="0.71em"
                      x="342"
                    >
                      18:00:00
                    </tspan>
                  </text>
                </g>
              </g>
            </g>
            <g
              class="recharts-layer recharts-cartesian-axis recharts-yAxis yAxis"
            >
              <line
                class="recharts-cartesian-axis-line"
                fill="none"
                height="254"
                orientation="left"
                stroke="#666"
                width="100"
                x="8"
                x1="108"
                x2="108"
                y="8"
                y1="8"
                y2="262"
              />
              <g
                class="recharts-cartesian-axis-ticks"
              >
                <g
                  class="recharts-layer recharts-cartesian-axis-tick"
                >
                  <line
                    class="recharts-cartesian-axis-tick-line"
                    fill="none"
                    height="254"
                    orientation="left"
                    stroke="#666"
                    width="100"
                    x="8"
                    x1="102"
                    x2="108"
                    y="8"
                    y1="262"
                    y2="262"
                  />
                  <text
                    class="recharts-text recharts-cartesian-axis-tick-value"
                    fill="#666"
                    height="254"
                    orientation="left"
                    stroke="none"
                    text-anchor="end"
                    width="100"
                    x="100"
                    y="262"
                  >
                    <tspan
                      dy="0.355em"
                      x="100"
                    >
                      0 %
                    </tspan>
                  </text>
                </g>
                <g
                  class="recharts-layer recharts-cartesian-axis-tick"
                >
                  <line
                    class="recharts-cartesian-axis-tick-line"
                    fill="none"
                    height="254"
                    orientation="left"
                    stroke="#666"
                    width="100"
                    x="8"
                    x1="102"
                    x2="108"
                    y="8"
                    y1="198.5"
                    y2="198.5"
                  />
                  <text
                    class="recharts-text recharts-cartesian-axis-tick-value"
                    fill="#666"
                    height="254"
                    orientation="left"
                    stroke="none"
                    text-anchor="end"
                    width="100"
                    x="100"
                    y="198.5"
                  >
                    <tspan
                      dy="0.355em"
                      x="100"
                    >
                      25 %
                    </tspan>
                  </text>
                </g>
                <g
                  class="recharts-layer recharts-cartesian-axis-tick"
                >
                  <line
                    class="recharts-cartesian-axis-tick-line"
                    fill="none"
                    height="254"
                    orientation="left"
                    stroke="#666"
                    width="100"
                    x="8"
                    x1="102"
                    x2="108"
                    y="8"
                    y1="135"
                    y2="135"
                  />
                  <text
                    class="recharts-text recharts-cartesian-axis-tick-value"
                    fill="#666"
                    height="254"
                    orientation="left"
                    stroke="none"
                    text-anchor="end"
                    width="100"
                    x="100"
                    y="135"
                  >
                    <tspan
                      dy="0.355em"
                      x="100"
                    >
                      50 %
                    </tspan>
                  </text>
                </g>
                <g
                  class="recharts-layer recharts-cartesian-axis-tick"
                >
                  <line
                    class="recharts-cartesian-axis-tick-line"
                    fill="none"
                    height="254"
                    orientation="left"
                    stroke="#666"
                    width="100"
                    x="8"
                    x1="102"
                    x2="108"
                    y="8"
                    y1="71.5"
                    y2="71.5"
                  />
                  <text
                    class="recharts-text recharts-cartesian-axis-tick-value"
                    fill="#666"
                    height="254"
                    orientation="left"
                    stroke="none"
                    text-anchor="end"
                    width="100"
                    x="100"
                    y="71.5"
                  >
                    <tspan
                      dy="0.355em"
                      x="100"
                    >
                      75 %
                    </tspan>
                  </text>
                </g>
                <g
                  class="recharts-layer recharts-cartesian-axis-tick"
                >
                  <line
                    class="recharts-cartesian-axis-tick-line"
                    fill="none"
                    height="254"
                    orientation="left"
                    stroke="#666"
                    width="100"
                    x="8"
                    x1="102"
                    x2="108"
                    y="8"
                    y1="8"
                    y2="8"
                  />
                  <text
                    class="recharts-text recharts-cartesian-axis-tick-value"
                    fill="#666"
                    height="254"
                    orientation="left"
                    stroke="none"
                    text-anchor="end"
                    width="100"
                    x="100"
                    y="8"
                  >
                    <tspan
                      dy="0.355em"
                      x="100"
                    >
                      100 %
                    </tspan>
                  </text>
                </g>
              </g>
            </g>
            <g
              class="recharts-layer recharts-line"
            >
              <g
                class="recharts-layer"
              />
              <g
                class="recharts-layer recharts-line-dots"
              >
                <circle
                  class="recharts-dot recharts-line-dot"
                  cx="342"
                  cy="155.32000000000002"
                  fill="#fff"
                  height="254"
                  r="4"
                  stroke="#3182bd"
                  stroke-width="1"
                  width="468"
                />
              </g>
            </g>
          </svg>
        </div>
      </div>
    </div>
    <div
      class="_chartCard_6dc87e"
    >
      <h3
        class="_chartTitle_6dc87e"
      >
        Memory Usage
      </h3>
      <div
        aria-label="Memory usage chart"
        data-testid="memory-chart"
        role="img"
      >
        <div
          class="recharts-wrapper"
          style="position: relative; cursor: default; width: 600px; height: 300px;"
        >
          <svg
            class="recharts-surface"
            height="300"
            style="width: 100%; height: 100%;"
            viewBox="0 0 600 300"
            width="600"
          >
            <title />
            <desc />
            <defs>
              <clippath
                id="recharts28-clip"
              >
                <rect
                  height="254"
                  width="468"
                  x="108"
                  y="8"
                />
              </clippath>
            </defs>
            <g
              class="recharts-layer recharts-cartesian-axis recharts-xAxis xAxis"
            >
              <line
                class="recharts-cartesian-axis-line"
                fill="none"
                height="30"
                orientation="bottom"
                stroke="#666"
                width="468"
                x="108"
                x1="108"
                x2="576"
                y="262"
                y1="262"
                y2="262"
              />
              <g
                class="recharts-cartesian-axis-ticks"
              >
                <g
                  class="recharts-layer recharts-cartesian-axis-tick"
                >
                  <line
                    class="recharts-cartesian-axis-tick-line"
                    fill="none"
                    height="30"
                    orientation="bottom"
                    stroke="#666"
                    width="468"
                    x="108"
                    x1="342"
                    x2="342"
                    y="262"
                    y1="268"
                    y2="262"
                  />
                  <text
                    class="recharts-text recharts-cartesian-axis-tick-value"
                    fill="#666"
                    height="30"
                    orientation="bottom"
                    stroke="none"
                    text-anchor="middle"
                    width="468"
                    x="342"
                    y="270"
                  >
                    <tspan
                      dy="0.71em"
                      x="342"
                    >
                      18:00:00
                    </tspan>
                  </text>
                </g>
              </g>
            </g>
            <g
              class="recharts-layer recharts-cartesian-axis recharts-yAxis yAxis"
            >
              <line
                class="recharts-cartesian-axis-line"
                fill="none"
                height="254"
                orientation="left"
                stroke="#666"
                width="100"
                x="8"
                x1="108"
                x2="108"
                y="8"
                y1="8"
                y2="262"
              />
              <g
                class="recharts-cartesian-axis-ticks"
              >
                <g
                  class="recharts-layer recharts-cartesian-axis-tick"
                >
                  <line
                    class="recharts-cartesian-axis-tick-line"
                    fill="none"
                    height="254"
                    orientation="left"
                    stroke="#666"
                    width="100"
                    x="8"
                    x1="102"
                    x2="108"
                    y="8"
                    y1="262"
                    y2="262"
                  />
                  <text
                    class="recharts-text recharts-cartesian-axis-tick-value"
                    fill="#666"
                    height="254"
                    orientation="left"
                    stroke="none"
                    text-anchor="end"
                    width="100"
                    x="100"
                    y="262"
                  >
                    <tspan
                      dy="0.355em"
                      x="100"
                    >
                      0 %
                    </tspan>
                  </text>
                </g>
                <g
                  class="recharts-layer recharts-cartesian-axis-tick"
                >
                  <line
                    class="recharts-cartesian-axis-tick-line"
                    fill="none"
                    height="254"
                    orientation="left"
                    stroke="#666"
                    width="100"
                    x="8"
                    x1="102"
                    x2="108"
                    y="8"
                    y1="198.5"
                    y2="198.5"
                  />
                  <text
                    class="recharts-text recharts-cartesian-axis-tick-value"
                    fill="#666"
                    height="254"
                    orientation="left"
                    stroke="none"
                    text-anchor="end"
                    width="100"
                    x="100"
                    y="198.5"
                  >
                    <tspan
                      dy="0.355em"
                      x="100"
                    >
                      25 %
                    </tspan>
                  </text>
                </g>
                <g
                  class="recharts-layer recharts-cartesian-axis-tick"
                >
                  <line
                    class="recharts-cartesian-axis-tick-line"
                    fill="none"
                    height="254"
                    orientation="left"
                    stroke="#666"
                    width="100"
                    x="8"
                    x1="102"
                    x2="108"
                    y="8"
                    y1="135"
                    y2="135"
                  />
                  <text
                    class="recharts-text recharts-cartesian-axis-tick-value"
                    fill="#666"
                    height="254"
                    orientation="left"
                    stroke="none"
                    text-anchor="end"
                    width="100"
                    x="100"
                    y="135"
                  >
                    <tspan
                      dy="0.355em"
                      x="100"
                    >
                      50 %
                    </tspan>
                  </text>
                </g>
                <g
                  class="recharts-layer recharts-cartesian-axis-tick"
                >
                  <line
                    class="recharts-cartesian-axis-tick-line"
                    fill="none"
                    height="254"
                    orientation="left"
                    stroke="#666"
                    width="100"
                    x="8"
                    x1="102"
                    x2="108"
                    y="8"
                    y1="71.5"
                    y2="71.5"
                  />
                  <text
                    class="recharts-text recharts-cartesian-axis-tick-value"
                    fill="#666"
                    height="254"
                    orientation="left"
                    stroke="none"
                    text-anchor="end"
                    width="100"
                    x="100"
                    y="71.5"
                  >
                    <tspan
                      dy="0.355em"
                      x="100"
                    >
                      75 %
                    </tspan>
                  </text>
                </g>
                <g
                  class="recharts-layer recharts-cartesian-axis-tick"
                >
                  <line
                    class="recharts-cartesian-axis-tick-line"
                    fill="none"
                    height="254"
                    orientation="left"
                    stroke="#666"
                    width="100"
                    x="8"
                    x1="102"
                    x2="108"
                    y="8"
                    y1="8"
                    y2="8"
                  />
                  <text
                    class="recharts-text recharts-cartesian-axis-tick-value"
                    fill="#666"
                    height="254"
                    orientation="left"
                    stroke="none"
                    text-anchor="end"
                    width="100"
                    x="100"
                    y="8"
                  >
                    <tspan
                      dy="0.355em"
                      x="100"
                    >
                      100 %
                    </tspan>
                  </text>
                </g>
              </g>
            </g>
            <g
              class="recharts-layer recharts-line"
            >
              <g
                class="recharts-layer"
              />
              <g
                class="recharts-layer recharts-line-dots"
              >
                <circle
                  class="recharts-dot recharts-line-dot"
                  cx="342"
                  cy="135"
                  fill="#fff"
                  height="254"
                  r="4"
                  stroke="#3182bd"
                  stroke-width="1"
                  width="468"
                />
              </g>
            </g>
          </svg>
        </div>
      </div>
    </div>
    <div
      class="_chartCard_6dc87e"
    >
      <h3
        class="_chartTitle_6dc87e"
      >
        Disk Usage
      </h3>
      <div
        aria-label="Disk usage chart"
        data-testid="disk-chart"
        role="img"
      >
        <div
          class="recharts-wrapper"
          style="position: relative; cursor: default; width: 600px; height: 300px;"
        >
          <svg
            class="recharts-surface"
            height="300"
            style="width: 100%; height: 100%;"
            viewBox="0 0 600 300"
            width="600"
          >
            <title />
            <desc />
            <defs>
              <clippath
                id="recharts31-clip"
              >
                <rect
                  height="254"
                  width="468"
                  x="108"
                  y="8"
                />
              </clippath>
            </defs>
            <g
              class="recharts-layer recharts-cartesian-axis recharts-xAxis xAxis"
            >
              <line
                class="recharts-cartesian-axis-line"
                fill="none"
                height="30"
                orientation="bottom"
                stroke="#666"
                width="468"
                x="108"
                x1="108"
                x2="576"
                y="262"
                y1="262"
                y2="262"
              />
              <g
                class="recharts-cartesian-axis-ticks"
              >
                <g
                  class="recharts-layer recharts-cartesian-axis-tick"
                >
                  <line
                    class="recharts-cartesian-axis-tick-line"
                    fill="none"
                    height="30"
                    orientation="bottom"
                    stroke="#666"
                    width="468"
                    x="108"
                    x1="108"
                    x2="108"
                    y="262"
                    y1="268"
                    y2="262"
                  />
                  <text
                    class="recharts-text recharts-cartesian-axis-tick-value"
                    fill="#666"
                    height="30"
                    orientation="bottom"
                    stroke="none"
                    text-anchor="middle"
                    width="468"
                    x="108"
                    y="270"
                  >
                    <tspan
                      dy="0.71em"
                      x="108"
                    >
                      0 %
                    </tspan>
                  </text>
                </g>
                <g
                  class="recharts-layer recharts-cartesian-axis-tick"
                >
                  <line
                    class="recharts-cartesian-axis-tick-line"
                    fill="none"
                    height="30"
                    orientation="bottom"
                    stroke="#666"
                    width="468"
                    x="108"
                    x1="225"
                    x2="225"
                    y="262"
                    y1="268"
                    y2="262"
                  />
                  <text
                    class="recharts-text recharts-cartesian-axis-tick-value"
                    fill="#666"
                    height="30"
                    orientation="bottom"
                    stroke="none"
                    text-anchor="middle"
                    width="468"
                    x="225"
                    y="270"
                  >
                    <tspan
                      dy="0.71em"
                      x="225"
                    >
                      25 %
                    </tspan>
                  </text>
                </g>
                <g
                  class="recharts-layer recharts-cartesian-axis-tick"
                >
                  <line
                    class="recharts-cartesian-axis-tick-line"
                    fill="none"
                    height="30"
                    orientation="bottom"
                    stroke="#666"
                    width="468"
                    x="108"
                    x1="342"
                    x2="342"
                    y="262"
                    y1="268"
                    y2="262"
                  />
                  <text
                    class="recharts-text recharts-cartesian-axis-tick-value"
                    fill="#666"
                    height="30"
                    orientation="bottom"
                    stroke="none"
                    text-anchor="middle"
                    width="468"
                    x="342"
                    y="270"
                  >
                    <tspan
                      dy="0.71em"
                      x="342"
                    >
                      50 %
                    </tspan>
                  </text>
                </g>
                <g
                  class="recharts-layer recharts-cartesian-axis-tick"
                >
                  <line
                    class="recharts-cartesian-axis-tick-line"
                    fill="none"
                    height="30"
                    orientation="bottom"
                    stroke="#666"
                    width="468"
                    x="108"
                    x1="459"
                    x2="459"
                    y="262"
                    y1="268"
                    y2="262"
                  />
                  <text
                    class="recharts-text recharts-cartesian-axis-tick-value"
                    fill="#666"
                    height="30"
                    orientation="bottom"
                    stroke="none"
                    text-anchor="middle"
                    width="468"
                    x="459"
                    y="270"
                  >
                    <tspan
                      dy="0.71em"
                      x="459"
                    >
                      75 %
                    </tspan>
                  </text>
                </g>
                <g
                  class="recharts-layer recharts-cartesian-axis-tick"
                >
                  <line
                    class="recharts-cartesian-axis-tick-line"
                    fill="none"
                    height="30"
                    orientation="bottom"
                    stroke="#666"
                    width="468"
                    x="108"
                    x1="576"
                    x2="576"
                    y="262"
                    y1="268"
                    y2="262"
                  />
                  <text
                    class="recharts-text recharts-cartesian-axis-tick-value"
                    fill="#666"
                    height="30"
                    orientation="bottom"
                    stroke="none"
                    text-anchor="middle"
                    width="468"
                    x="576"
                    y="270"
                  >
                    <tspan
                      dy="0.71em"
                      x="576"
                    >
                      100 %
                    </tspan>
                  </text>
                </g>
              </g>
            </g>
            <g
              class="recharts-layer recharts-cartesian-axis recharts-yAxis yAxis"
            >
              <line
                class="recharts-cartesian-axis-line"
                fill="none"
                height="254"
                orientation="left"
                stroke="#666"
                width="100"
                x="8"
                x1="108"
                x2="108"
                y="8"
                y1="8"
                y2="262"
              />
              <g
                class="recharts-cartesian-axis-ticks"
              >
                <g
                  class="recharts-layer recharts-cartesian-axis-tick"
                >
                  <line
                    class="recharts-cartesian-axis-tick-line"
                    fill="none"
                    height="254"
                    orientation="left"
                    stroke="#666"
                    width="100"
                    x="8"
                    x1="102"
                    x2="108"
                    y="8"
                    y1="135"
                    y2="135"
                  />
                  <text
                    class="recharts-text recharts-cartesian-axis-tick-value"
                    fill="#666"
                    height="254"
                    orientation="left"
                    stroke="none"
                    text-anchor="end"
                    width="100"
                    x="100"
                    y="135"
                  >
                    <tspan
                      dy="0.355em"
                      x="100"
                    >
                      /
                    </tspan>
                  </text>
                </g>
              </g>
            </g>
            <g
              class="recharts-layer recharts-bar"
            >
              <g
                class="recharts-layer recharts-bar-rectangles"
              >
                <g
                  class="recharts-layer recharts-bar-rectangle"
                >
                  <path
                    class="recharts-rectangle"
                    d="M 108,33.4 h 280.79999999999995 v 203 h -280.79999999999995 Z"
                    fill="#9affc6"
                    height="203"
                    radius="0"
                    width="280.79999999999995"
                    x="108"
                    y="33.4"
                  />
                </g>
              </g>
              <g
                class="recharts-layer"
              />
            </g>
          </svg>
        </div>
      </div>
    </div>
    <p
      class="_timestamp_6dc87e"
    >
      Last updated: 6:00:00 PM
    </p>
  </section>
</DocumentFragment>
`;

exports[`<Dashboard /> responsive snapshots > matches the tablet viewport snapshot 1`] = `
<DocumentFragment>
  <section
    class="_dashboard_6dc87e"
    data-testid="dashboard"
  >
    <div
      class="_chartCard_6dc87e"
    >
      <h3
        class="_chartTitle_6dc87e"
      >
        CPU Usage
      </h3>
      <div
        aria-label="CPU usage chart"
        data-testid="cpu-chart"
        role="img"
      >
        <div
          class="recharts-wrapper"
          style="position: relative; cursor: default; width: 600px; height: 300px;"
        >
          <svg
            class="recharts-surface"
            height="300"
            style="width: 100%; height: 100%;"
            viewBox="0 0 600 300"
            width="600"
          >
            <title />
            <desc />
            <defs>
              <clippath
                id="recharts13-clip"
              >
                <rect
                  height="254"
                  width="468"
                  x="108"
                  y="8"
                />
              </clippath>
            </defs>
            <g
              class="recharts-layer recharts-cartesian-axis recharts-xAxis xAxis"
            >
              <line
                class="recharts-cartesian-axis-line"
                fill="none"
                height="30"
                orientation="bottom"
                stroke="#666"
                width="468"
                x="108"
                x1="108"
                x2="576"
                y="262"
                y1="262"
                y2="262"
              />
              <g
                class="recharts-cartesian-axis-ticks"
              >
                <g
                  class="recharts-layer recharts-cartesian-axis-tick"
                >
                  <line
                    class="recharts-cartesian-axis-tick-line"
                    fill="none"
                    height="30"
                    orientation="bottom"
                    stroke="#666"
                    width="468"
                    x="108"
                    x1="342"
                    x2="342"
                    y="262"
                    y1="268"
                    y2="262"
                  />
                  <text
                    class="recharts-text recharts-cartesian-axis-tick-value"
                    fill="#666"
                    height="30"
                    orientation="bottom"
                    stroke="none"
                    text-anchor="middle"
                    width="468"
                    x="342"
                    y="270"
                  >
                    <tspan
                      dy="0.71em"
                      x="342"
                    >
                      18:00:00
                    </tspan>
                  </text>
                </g>
              </g>
            </g>
            <g
              class="recharts-layer recharts-cartesian-axis recharts-yAxis yAxis"
            >
              <line
                class="recharts-cartesian-axis-line"
                fill="none"
                height="254"
                orientation="left"
                stroke="#666"
                width="100"
                x="8"
                x1="108"
                x2="108"
                y="8"
                y1="8"
                y2="262"
              />
              <g
                class="recharts-cartesian-axis-ticks"
              >
                <g
                  class="recharts-layer recharts-cartesian-axis-tick"
                >
                  <line
                    class="recharts-cartesian-axis-tick-line"
                    fill="none"
                    height="254"
                    orientation="left"
                    stroke="#666"
                    width="100"
                    x="8"
                    x1="102"
                    x2="108"
                    y="8"
                    y1="262"
                    y2="262"
                  />
                  <text
                    class="recharts-text recharts-cartesian-axis-tick-value"
                    fill="#666"
                    height="254"
                    orientation="left"
                    stroke="none"
                    text-anchor="end"
                    width="100"
                    x="100"
                    y="262"
                  >
                    <tspan
                      dy="0.355em"
                      x="100"
                    >
                      0 %
                    </tspan>
                  </text>
                </g>
                <g
                  class="recharts-layer recharts-cartesian-axis-tick"
                >
                  <line
                    class="recharts-cartesian-axis-tick-line"
                    fill="none"
                    height="254"
                    orientation="left"
                    stroke="#666"
                    width="100"
                    x="8"
                    x1="102"
                    x2="108"
                    y="8"
                    y1="198.5"
                    y2="198.5"
                  />
                  <text
                    class="recharts-text recharts-cartesian-axis-tick-value"
                    fill="#666"
                    height="254"
                    orientation="left"
                    stroke="none"
                    text-anchor="end"
                    width="100"
                    x="100"
                    y="198.5"
                  >
                    <tspan
                      dy="0.355em"
                      x="100"
                    >
                      25 %
                    </tspan>
                  </text>
                </g>
                <g
                  class="recharts-layer recharts-cartesian-axis-tick"
                >
                  <line
                    class="recharts-cartesian-axis-tick-line"
                    fill="none"
                    height="254"
                    orientation="left"
                    stroke="#666"
                    width="100"
                    x="8"
                    x1="102"
                    x2="108"
                    y="8"
                    y1="135"
                    y2="135"
                  />
                  <text
                    class="recharts-text recharts-cartesian-axis-tick-value"
                    fill="#666"
                    height="254"
                    orientation="left"
                    stroke="none"
                    text-anchor="end"
                    width="100"
                    x="100"
                    y="135"
                  >
                    <tspan
                      dy="0.355em"
                      x="100"
                    >
                      50 %
                    </tspan>
                  </text>
                </g>
                <g
                  class="recharts-layer recharts-cartesian-axis-tick"
                >
                  <line
                    class="recharts-cartesian-axis-tick-line"
                    fill="none"
                    height="254"
                    orientation="left"
                    stroke="#666"
                    width="100"
                    x="8"
                    x1="102"
                    x2="108"
                    y="8"
                    y1="71.5"
                    y2="71.5"
                  />
                  <text
                    class="recharts-text recharts-cartesian-axis-tick-value"
                    fill="#666"
                    height="254"
                    orientation="left"
                    stroke="none"
                    text-anchor="end"
                    width="100"
                    x="100"
                    y="71.5"
                  >
                    <tspan
                      dy="0.355em"
                      x="100"
                    >
                      75 %
                    </tspan>
                  </text>
                </g>
                <g
                  class="recharts-layer recharts-cartesian-axis-tick"
                >
                  <line
                    class="recharts-cartesian-axis-tick-line"
                    fill="none"
                    height="254"
                    orientation="left"
                    stroke="#666"
                    width="100"
                    x="8"
                    x1="102"
                    x2="108"
                    y="8"
                    y1="8"
                    y2="8"
                  />
                  <text
                    class="recharts-text recharts-cartesian-axis-tick-value"
                    fill="#666"
                    height="254"
                    orientation="left"
                    stroke="none"
                    text-anchor="end"
                    width="100"
                    x="100"
                    y="8"
                  >
                    <tspan
                      dy="0.355em"
                      x="100"
                    >
                      100 %
                    </tspan>
                  </text>
                </g>
              </g>
            </g>
            <g
              class="recharts-layer recharts-line"
            >
              <g
                class="recharts-layer"
              />
              <g
                class="recharts-layer recharts-line-dots"
              >
                <circle
                  class="recharts-dot recharts-line-dot"
                  cx="342"
                  cy="155.32000000000002"
                  fill="#fff"
                  height="254"
                  r="4"
                  stroke="#3182bd"
                  stroke-width="1"
                  width="468"
                />
              </g>
            </g>
          </svg>
        </div>
      </div>
    </div>
    <div
      class="_chartCard_6dc87e"
    >
      <h3
        class="_chartTitle_6dc87e"
      >
        Memory Usage
      </h3>
      <div
        aria-label="Memory usage chart"
        data-testid="memory-chart"
        role="img"
      >
        <div
          class="recharts-wrapper"
          style="position: relative; cursor: default; width: 600px; height: 300px;"
        >
          <svg
            class="recharts-surface"
            height="300"
            style="width: 100%; height: 100%;"
            viewBox="0 0 600 300"
            width="600"
          >
            <title />
            <desc />
            <defs>
              <clippath
                id="recharts16-clip"
              >
                <rect
                  height="254"
                  width="468"
                  x="108"
                  y="8"
                />
              </clippath>
            </defs>
            <g
              class="recharts-layer recharts-cartesian-axis recharts-xAxis xAxis"
            >
              <line
                class="recharts-cartesian-axis-line"
                fill="none"
                height="30"
                orientation="bottom"
                stroke="#666"
                width="468"
                x="108"
                x1="108"
                x2="576"
                y="262"
                y1="262"
                y2="262"
              />
              <g
                class="recharts-cartesian-axis-ticks"
              >
                <g
                  class="recharts-layer recharts-cartesian-axis-tick"
                >
                  <line
                    class="recharts-cartesian-axis-tick-line"
                    fill="none"
                    height="30"
                    orientation="bottom"
                    stroke="#666"
                    width="468"
                    x="108"
                    x1="342"
                    x2="342"
                    y="262"
                    y1="268"
                    y2="262"
                  />
                  <text
                    class="recharts-text recharts-cartesian-axis-tick-value"
                    fill="#666"
                    height="30"
                    orientation="bottom"
                    stroke="none"
                    text-anchor="middle"
                    width="468"
                    x="342"
                    y="270"
                  >
                    <tspan
                      dy="0.71em"
                      x="342"
                    >
                      18:00:00
                    </tspan>
                  </text>
                </g>
              </g>
            </g>
            <g
              class="recharts-layer recharts-cartesian-axis recharts-yAxis yAxis"
            >
              <line
                class="recharts-cartesian-axis-line"
                fill="none"
                height="254"
                orientation="left"
                stroke="#666"
                width="100"
                x="8"
                x1="108"
                x2="108"
                y="8"
                y1="8"
                y2="262"
              />
              <g
                class="recharts-cartesian-axis-ticks"
              >
                <g
                  class="recharts-layer recharts-cartesian-axis-tick"
                >
                  <line
                    class="recharts-cartesian-axis-tick-line"
                    fill="none"
                    height="254"
                    orientation="left"
                    stroke="#666"
                    width="100"
                    x="8"
                    x1="102"
                    x2="108"
                    y="8"
                    y1="262"
                    y2="262"
                  />
                  <text
                    class="recharts-text recharts-cartesian-axis-tick-value"
                    fill="#666"
                    height="254"
                    orientation="left"
                    stroke="none"
                    text-anchor="end"
                    width="100"
                    x="100"
                    y="262"
                  >
                    <tspan
                      dy="0.355em"
                      x="100"
                    >
                      0 %
                    </tspan>
                  </text>
                </g>
                <g
                  class="recharts-layer recharts-cartesian-axis-tick"
                >
                  <line
                    class="recharts-cartesian-axis-tick-line"
                    fill="none"
                    height="254"
                    orientation="left"
                    stroke="#666"
                    width="100"
                    x="8"
                    x1="102"
                    x2="108"
                    y="8"
                    y1="198.5"
                    y2="198.5"
                  />
                  <text
                    class="recharts-text recharts-cartesian-axis-tick-value"
                    fill="#666"
                    height="254"
                    orientation="left"
                    stroke="none"
                    text-anchor="end"
                    width="100"
                    x="100"
                    y="198.5"
                  >
                    <tspan
                      dy="0.355em"
                      x="100"
                    >
                      25 %
                    </tspan>
                  </text>
                </g>
                <g
                  class="recharts-layer recharts-cartesian-axis-tick"
                >
                  <line
                    class="recharts-cartesian-axis-tick-line"
                    fill="none"
                    height="254"
                    orientation="left"
                    stroke="#666"
                    width="100"
                    x="8"
                    x1="102"
                    x2="108"
                    y="8"
                    y1="135"
                    y2="135"
                  />
                  <text
                    class="recharts-text recharts-cartesian-axis-tick-value"
                    fill="#666"
                    height="254"
                    orientation="left"
                    stroke="none"
                    text-anchor="end"
                    width="100"
                    x="100"
                    y="135"
                  >
                    <tspan
                      dy="0.355em"
                      x="100"
                    >
                      50 %
                    </tspan>
                  </text>
                </g>
                <g
                  class="recharts-layer recharts-cartesian-axis-tick"
                >
                  <line
                    class="recharts-cartesian-axis-tick-line"
                    fill="none"
                    height="254"
                    orientation="left"
                    stroke="#666"
                    width="100"
                    x="8"
                    x1="102"
                    x2="108"
                    y="8"
                    y1="71.5"
                    y2="71.5"
                  />
                  <text
                    class="recharts-text recharts-cartesian-axis-tick-value"
                    fill="#666"
                    height="254"
                    orientation="left"
                    stroke="none"
                    text-anchor="end"
                    width="100"
                    x="100"
                    y="71.5"
                  >
                    <tspan
                      dy="0.355em"
                      x="100"
                    >
                      75 %
                    </tspan>
                  </text>
                </g>
                <g
                  class="recharts-layer recharts-cartesian-axis-tick"
                >
                  <line
                    class="recharts-cartesian-axis-tick-line"
                    fill="none"
                    height="254"
                    orientation="left"
                    stroke="#666"
                    width="100"
                    x="8"
                    x1="102"
                    x2="108"
                    y="8"
                    y1="8"
                    y2="8"
                  />
                  <text
                    class="recharts-text recharts-cartesian-axis-tick-value"
                    fill="#666"
                    height="254"
                    orientation="left"
                    stroke="none"
                    text-anchor="end"
                    width="100"
                    x="100"
                    y="8"
                  >
                    <tspan
                      dy="0.355em"
                      x="100"
                    >
                      100 %
                    </tspan>
                  </text>
                </g>
              </g>
            </g>
            <g
              class="recharts-layer recharts-line"
            >
              <g
                class="recharts-layer"
              />
              <g
                class="recharts-layer recharts-line-dots"
              >
                <circle
                  class="recharts-dot recharts-line-dot"
                  cx="342"
                  cy="135"
                  fill="#fff"
                  height="254"
                  r="4"
                  stroke="#3182bd"
                  stroke-width="1"
                  width="468"
                />
              </g>
            </g>
          </svg>
        </div>
      </div>
    </div>
    <div
      class="_chartCard_6dc87e"
    >
      <h3
        class="_chartTitle_6dc87e"
      >
        Disk Usage
      </h3>
      <div
        aria-label="Disk usage chart"
        data-testid="disk-chart"
        role="img"
      >
        <div
          class="recharts-wrapper"
          style="position: relative; cursor: default; width: 600px; height: 300px;"
        >
          <svg
            class="recharts-surface"
            height="300"
            style="width: 100%; height: 100%;"
            viewBox="0 0 600 300"
            width="600"
          >
            <title />
            <desc />
            <defs>
              <clippath
                id="recharts19-clip"
              >
                <rect
                  height="254"
                  width="468"
                  x="108"
                  y="8"
                />
              </clippath>
            </defs>
            <g
              class="recharts-layer recharts-cartesian-axis recharts-xAxis xAxis"
            >
              <line
                class="recharts-cartesian-axis-line"
                fill="none"
                height="30"
                orientation="bottom"
                stroke="#666"
                width="468"
                x="108"
                x1="108"
                x2="576"
                y="262"
                y1="262"
                y2="262"
              />
              <g
                class="recharts-cartesian-axis-ticks"
              >
                <g
                  class="recharts-layer recharts-cartesian-axis-tick"
                >
                  <line
                    class="recharts-cartesian-axis-tick-line"
                    fill="none"
                    height="30"
                    orientation="bottom"
                    stroke="#666"
                    width="468"
                    x="108"
                    x1="108"
                    x2="108"
                    y="262"
                    y1="268"
                    y2="262"
                  />
                  <text
                    class="recharts-text recharts-cartesian-axis-tick-value"
                    fill="#666"
                    height="30"
                    orientation="bottom"
                    stroke="none"
                    text-anchor="middle"
                    width="468"
                    x="108"
                    y="270"
                  >
                    <tspan
                      dy="0.71em"
                      x="108"
                    >
                      0 %
                    </tspan>
                  </text>
                </g>
                <g
                  class="recharts-layer recharts-cartesian-axis-tick"
                >
                  <line
                    class="recharts-cartesian-axis-tick-line"
                    fill="none"
                    height="30"
                    orientation="bottom"
                    stroke="#666"
                    width="468"
                    x="108"
                    x1="225"
                    x2="225"
                    y="262"
                    y1="268"
                    y2="262"
                  />
                  <text
                    class="recharts-text recharts-cartesian-axis-tick-value"
                    fill="#666"
                    height="30"
                    orientation="bottom"
                    stroke="none"
                    text-anchor="middle"
                    width="468"
                    x="225"
                    y="270"
                  >
                    <tspan
                      dy="0.71em"
                      x="225"
                    >
                      25 %
                    </tspan>
                  </text>
                </g>
                <g
                  class="recharts-layer recharts-cartesian-axis-tick"
                >
                  <line
                    class="recharts-cartesian-axis-tick-line"
                    fill="none"
                    height="30"
                    orientation="bottom"
                    stroke="#666"
                    width="468"
                    x="108"
                    x1="342"
                    x2="342"
                    y="262"
                    y1="268"
                    y2="262"
                  />
                  <text
                    class="recharts-text recharts-cartesian-axis-tick-value"
                    fill="#666"
                    height="30"
                    orientation="bottom"
                    stroke="none"
                    text-anchor="middle"
                    width="468"
                    x="342"
                    y="270"
                  >
                    <tspan
                      dy="0.71em"
                      x="342"
                    >
                      50 %
                    </tspan>
                  </text>
                </g>
                <g
                  class="recharts-layer recharts-cartesian-axis-tick"
                >
                  <line
                    class="recharts-cartesian-axis-tick-line"
                    fill="none"
                    height="30"
                    orientation="bottom"
                    stroke="#666"
                    width="468"
                    x="108"
                    x1="459"
                    x2="459"
                    y="262"
                    y1="268"
                    y2="262"
                  />
                  <text
                    class="recharts-text recharts-cartesian-axis-tick-value"
                    fill="#666"
                    height="30"
                    orientation="bottom"
                    stroke="none"
                    text-anchor="middle"
                    width="468"
                    x="459"
                    y="270"
                  >
                    <tspan
                      dy="0.71em"
                      x="459"
                    >
                      75 %
                    </tspan>
                  </text>
                </g>
                <g
                  class="recharts-layer recharts-cartesian-axis-tick"
                >
                  <line
                    class="recharts-cartesian-axis-tick-line"
                    fill="none"
                    height="30"
                    orientation="bottom"
                    stroke="#666"
                    width="468"
                    x="108"
                    x1="576"
                    x2="576"
                    y="262"
                    y1="268"
                    y2="262"
                  />
                  <text
                    class="recharts-text recharts-cartesian-axis-tick-value"
                    fill="#666"
                    height="30"
                    orientation="bottom"
                    stroke="none"
                    text-anchor="middle"
                    width="468"
                    x="576"
                    y="270"
                  >
                    <tspan
                      dy="0.71em"
                      x="576"
                    >
                      100 %
                    </tspan>
                  </text>
                </g>
              </g>
            </g>
            <g
              class="recharts-layer recharts-cartesian-axis recharts-yAxis yAxis"
            >
              <line
                class="recharts-cartesian-axis-line"
                fill="none"
                height="254"
                orientation="left"
                stroke="#666"
                width="100"
                x="8"
                x1="108"
                x2="108"
                y="8"
                y1="8"
                y2="262"
              />
              <g
                class="recharts-cartesian-axis-ticks"
              >
                <g
                  class="recharts-layer recharts-cartesian-axis-tick"
                >
                  <line
                    class="recharts-cartesian-axis-tick-line"
                    fill="none"
                    height="254"
                    orientation="left"
                    stroke="#666"
                    width="100"
                    x="8"
                    x1="102"
                    x2="108"
                    y="8"
                    y1="135"
                    y2="135"
                  />
                  <text
                    class="recharts-text recharts-cartesian-axis-tick-value"
                    fill="#666"
                    height="254"
                    orientation="left"
                    stroke="none"
                    text-anchor="end"
                    width="100"
                    x="100"
                    y="135"
                  >
                    <tspan
                      dy="0.355em"
                      x="100"
                    >
                      /
                    </tspan>
                  </text>
                </g>
              </g>
            </g>
            <g
              class="recharts-layer recharts-bar"
            >
              <g
                class="recharts-layer recharts-bar-rectangles"
              >
                <g
                  class="recharts-layer recharts-bar-rectangle"
                >
                  <path
                    class="recharts-rectangle"
                    d="M 108,33.4 h 280.79999999999995 v 203 h -280.79999999999995 Z"
                    fill="#9affc6"
                    height="203"
                    radius="0"
                    width="280.79999999999995"
                    x="108"
                    y="33.4"
                  />
                </g>
              </g>
              <g
                class="recharts-layer"
              />
            </g>
          </svg>
        </div>
      </div>
    </div>
    <p
      class="_timestamp_6dc87e"
    >
      Last updated: 6:00:00 PM
    </p>
  </section>
</DocumentFragment>
`;
