// Vitest Snapshot v1, https://vitest.dev/guide/snapshot.html

exports[`<Dashboard /> responsive snapshots > matches the desktop viewport snapshot 1`] = `
<DocumentFragment>
  <section
    class="_dashboard_6dc87e"
    data-testid="dashboard"
  >
    <div
      class="_chartCard_6dc87e"
    >
      <h3
        class="_chartTitle_6dc87e"
      >
        CPU Usage
      </h3>
      <div
        aria-label="CPU usage chart"
        data-testid="cpu-chart"
        role="img"
      >
        <div
          class="recharts-wrapper"
          style="position: relative; cursor: default; width: 600px; height: 300px;"
        >
          <svg
            class="recharts-surface"
            height="300"
            style="width: 100%; height: 100%;"
            viewBox="0 0 600 300"
            width="600"
          >
            <title />
            <desc />
            <defs>
              <clippath
                id="recharts1-clip"
              >
                <rect
                  height="260"
                  width="490"
                  x="105"
                  y="5"
                />
              </clippath>
            </defs>
            <g
              class="recharts-layer recharts-cartesian-axis recharts-xAxis xAxis"
            >
              <line
                class="recharts-cartesian-axis-line"
                fill="none"
                height="30"
                orientation="bottom"
                stroke="#666"
                width="490"
                x="105"
                x1="105"
                x2="595"
                y="265"
                y1="265"
                y2="265"
              />
              <g
                class="recharts-cartesian-axis-ticks"
              >
                <g
                  class="recharts-layer recharts-cartesian-axis-tick"
                >
                  <line
                    class="recharts-cartesian-axis-tick-line"
                    fill="none"
                    height="30"
                    orientation="bottom"
                    stroke="#666"
                    width="490"
                    x="105"
                    x1="350"
                    x2="350"
                    y="265"
                    y1="271"
                    y2="265"
                  />
                  <text
                    class="recharts-text recharts-cartesian-axis-tick-value"
                    fill="#666"
                    height="30"
                    orientation="bottom"
                    stroke="none"
                    text-anchor="middle"
                    width="490"
                    x="350"
                    y="273"
                  >
                    <tspan
                      dy="0.71em"
                      x="350"
                    >
                      18:00:00
                    </tspan>
                  </text>
                </g>
              </g>
            </g>
            <g
              class="recharts-layer recharts-cartesian-axis recharts-yAxis yAxis"
            >
              <line
                class="recharts-cartesian-axis-line"
                fill="none"
                height="260"
                orientation="left"
                stroke="#666"
                width="100"
                x="5"
                x1="105"
                x2="105"
                y="5"
                y1="5"
                y2="265"
              />
              <g
                class="recharts-cartesian-axis-ticks"
              >
                <g
                  class="recharts-layer recharts-cartesian-axis-tick"
                >
                  <line
                    class="recharts-cartesian-axis-tick-line"
                    fill="none"
                    height="260"
                    orientation="left"
                    stroke="#666"
                    width="100"
                    x="5"
                    x1="99"
                    x2="105"
                    y="5"
                    y1="265"
                    y2="265"
                  />
                  <text
                    class="recharts-text recharts-cartesian-axis-tick-value"
                    fill="#666"
                    height="260"
                    orientation="left"
                    stroke="none"
                    text-anchor="end"
                    width="100"
                    x="97"
                    y="265"
                  >
                    <tspan
                      dy="0.355em"
                      x="97"
                    >
                      0 %
                    </tspan>
                  </text>
                </g>
                <g
                  class="recharts-layer recharts-cartesian-axis-tick"
                >
                  <line
                    class="recharts-cartesian-axis-tick-line"
                    fill="none"
                    height="260"
                    orientation="left"
                    stroke="#666"
                    width="100"
                    x="5"
                    x1="99"
                    x2="105"
                    y="5"
                    y1="200"
                    y2="200"
                  />
                  <text
                    class="recharts-text recharts-cartesian-axis-tick-value"
                    fill="#666"
                    height="260"
                    orientation="left"
                    stroke="none"
                    text-anchor="end"
                    width="100"
                    x="97"
                    y="200"
                  >
                    <tspan
                      dy="0.355em"
                      x="97"
                    >
                      25 %
                    </tspan>
                  </text>
                </g>
                <g
                  class="recharts-layer recharts-cartesian-axis-tick"
                >
                  <line
                    class="recharts-cartesian-axis-tick-line"
                    fill="none"
                    height="260"
                    orientation="left"
                    stroke="#666"
                    width="100"
                    x="5"
                    x1="99"
                    x2="105"
                    y="5"
                    y1="135"
                    y2="135"
                  />
                  <text
                    class="recharts-text recharts-cartesian-axis-tick-value"
                    fill="#666"
                    height="260"
                    orientation="left"
                    stroke="none"
                    text-anchor="end"
                    width="100"
                    x="97"
                    y="135"
                  >
                    <tspan
                      dy="0.355em"
                      x="97"
                    >
                      50 %
                    </tspan>
                  </text>
                </g>
                <g
                  class="recharts-layer recharts-cartesian-axis-tick"
                >
                  <line
                    class="recharts-cartesian-axis-tick-line"
                    fill="none"
                    height="260"
                    orientation="left"
                    stroke="#666"
                    width="100"
                    x="5"
                    x1="99"
                    x2="105"
                    y="5"
                    y1="70"
                    y2="70"
                  />
                  <text
                    class="recharts-text recharts-cartesian-axis-tick-value"
                    fill="#666"
                    height="260"
                    orientation="left"
                    stroke="none"
                    text-anchor="end"
                    width="100"
                    x="97"
                    y="70"
                  >
                    <tspan
                      dy="0.355em"
                      x="97"
                    >
                      75 %
                    </tspan>
                  </text>
                </g>
                <g
                  class="recharts-layer recharts-cartesian-axis-tick"
                >
                  <line
                    class="recharts-cartesian-axis-tick-line"
                    fill="none"
                    height="260"
                    orientation="left"
                    stroke="#666"
                    width="100"
                    x="5"
                    x1="99"
                    x2="105"
                    y="5"
                    y1="5"
                    y2="5"
                  />
                  <text
                    class="recharts-text recharts-cartesian-axis-tick-value"
                    fill="#666"
                    height="260"
                    orientation="left"
                    stroke="none"
                    text-anchor="end"
                    width="100"
                    x="97"
                    y="5"
                  >
                    <tspan
                      dy="0.355em"
                      x="97"
                    >
                      100 %
                    </tspan>
                  </text>
                </g>
              </g>
            </g>
            <g
              class="recharts-layer recharts-line"
            >
              <g
                class="recharts-layer"
              />
              <g
                class="recharts-layer recharts-line-dots"
              >
                <circle
                  class="recharts-dot recharts-line-dot"
                  cx="350"
                  cy="155.8"
                  fill="#fff"
                  height="260"
                  r="4"
                  stroke="#3182bd"
                  stroke-width="1"
                  width="490"
                />
              </g>
            </g>
          </svg>
        </div>
      </div>
    </div>
    <div
      class="_chartCard_6dc87e"
    >
      <h3
        class="_chartTitle_6dc87e"
      >
        Memory Usage
      </h3>
      <div
        aria-label="Memory usage chart"
        data-testid="memory-chart"
        role="img"
      >
        <div
          class="recharts-wrapper"
          style="position: relative; cursor: default; width: 600px; height: 300px;"
        >
          <svg
            class="recharts-surface"
            height="300"
            style="width: 100%; height: 100%;"
            viewBox="0 0 600 300"
            width="600"
          >
            <title />
            <desc />
            <defs>
              <clippath
                id="recharts4-clip"
              >
                <rect
                  height="260"
                  width="490"
                  x="105"
                  y="5"
                />
              </clippath>
            </defs>
            <g
              class="recharts-layer recharts-cartesian-axis recharts-xAxis xAxis"
            >
              <line
                class="recharts-cartesian-axis-line"
                fill="none"
                height="30"
                orientation="bottom"
                stroke="#666"
                width="490"
                x="105"
                x1="105"
                x2="595"
                y="265"
                y1="265"
                y2="265"
              />
              <g
                class="recharts-cartesian-axis-ticks"
              >
                <g
                  class="recharts-layer recharts-cartesian-axis-tick"
                >
                  <line
                    class="recharts-cartesian-axis-tick-line"
                    fill="none"
                    height="30"
                    orientation="bottom"
                    stroke="#666"
                    width="490"
                    x="105"
                    x1="350"
                    x2="350"
                    y="265"
                    y1="271"
                    y2="265"
                  />
                  <text
                    class="recharts-text recharts-cartesian-axis-tick-value"
                    fill="#666"
                    height="30"
                    orientation="bottom"
                    stroke="none"
                    text-anchor="middle"
                    width="490"
                    x="350"
                    y="273"
                  >
                    <tspan
                      dy="0.71em"
                      x="350"
                    >
                      18:00:00
                    </tspan>
                  </text>
                </g>
              </g>
            </g>
            <g
              class="recharts-layer recharts-cartesian-axis recharts-yAxis yAxis"
            >
              <line
                class="recharts-cartesian-axis-line"
                fill="none"
                height="260"
                orientation="left"
                stroke="#666"
                width="100"
                x="5"
                x1="105"
                x2="105"
                y="5"
                y1="5"
                y2="265"
              />
              <g
                class="recharts-cartesian-axis-ticks"
              >
                <g
                  class="recharts-layer recharts-cartesian-axis-tick"
                >
                  <line
                    class="recharts-cartesian-axis-tick-line"
                    fill="none"
                    height="260"
                    orientation="left"
                    stroke="#666"
                    width="100"
                    x="5"
                    x1="99"
                    x2="105"
                    y="5"
                    y1="265"
                    y2="265"
                  />
                  <text
                    class="recharts-text recharts-cartesian-axis-tick-value"
                    fill="#666"
                    height="260"
                    orientation="left"
                    stroke="none"
                    text-anchor="end"
                    width="100"
                    x="97"
                    y="265"
                  >
                    <tspan
                      dy="0.355em"
                      x="97"
                    >
                      0 %
                    </tspan>
                  </text>
                </g>
                <g
                  class="recharts-layer recharts-cartesian-axis-tick"
                >
                  <line
                    class="recharts-cartesian-axis-tick-line"
                    fill="none"
                    height="260"
                    orientation="left"
                    stroke="#666"
                    width="100"
                    x="5"
                    x1="99"
                    x2="105"
                    y="5"
                    y1="200"
                    y2="200"
                  />
                  <text
                    class="recharts-text recharts-cartesian-axis-tick-value"
                    fill="#666"
                    height="260"
                    orientation="left"
                    stroke="none"
                    text-anchor="end"
                    width="100"
                    x="97"
                    y="200"
                  >
                    <tspan
                      dy="0.355em"
                      x="97"
                    >
                      25 %
                    </tspan>
                  </text>
                </g>
                <g
                  class="recharts-layer recharts-cartesian-axis-tick"
                >
                  <line
                    class="recharts-cartesian-axis-tick-line"
                    fill="none"
                    height="260"
                    orientation="left"
                    stroke="#666"
                    width="100"
                    x="5"
                    x1="99"
                    x2="105"
                    y="5"
                    y1="135"
                    y2="135"
                  />
                  <text
                    class="recharts-text recharts-cartesian-axis-tick-value"
                    fill="#666"
                    height="260"
                    orientation="left"
                    stroke="none"
                    text-anchor="end"
                    width="100"
                    x="97"
                    y="135"
                  >
                    <tspan
                      dy="0.355em"
                      x="97"
                    >
                      50 %
                    </tspan>
                  </text>
                </g>
                <g
                  class="recharts-layer recharts-cartesian-axis-tick"
                >
                  <line
                    class="recharts-cartesian-axis-tick-line"
                    fill="none"
                    height="260"
                    orientation="left"
                    stroke="#666"
                    width="100"
                    x="5"
                    x1="99"
                    x2="105"
                    y="5"
                    y1="70"
                    y2="70"
                  />
                  <text
                    class="recharts-text recharts-cartesian-axis-tick-value"
                    fill="#666"
                    height="260"
                    orientation="left"
                    stroke="none"
                    text-anchor="end"
                    width="100"
                    x="97"
                    y="70"
                  >
                    <tspan
                      dy="0.355em"
                      x="97"
                    >
                      75 %
                    </tspan>
                  </text>
                </g>
                <g
                  class="recharts-layer recharts-cartesian-axis-tick"
                >
                  <line
                    class="recharts-cartesian-axis-tick-line"
                    fill="none"
                    height="260"
                    orientation="left"
                    stroke="#666"
                    width="100"
                    x="5"
                    x1="99"
                    x2="105"
                    y="5"
                    y1="5"
                    y2="5"
                  />
                  <text
                    class="recharts-text recharts-cartesian-axis-tick-value"
                    fill="#666"
                    height="260"
                    orientation="left"
                    stroke="none"
                    text-anchor="end"
                    width="100"
                    x="97"
                    y="5"
                  >
                    <tspan
                      dy="0.355em"
                      x="97"
                    >
                      100 %
                    </tspan>
                  </text>
                </g>
              </g>
            </g>
            <g
              class="recharts-layer recharts-line"
            >
              <g
                class="recharts-layer"
              />
              <g
                class="recharts-layer recharts-line-dots"
              >
                <circle
                  class="recharts-dot recharts-line-dot"
                  cx="350"
                  cy="135"
                  fill="#fff"
                  height="260"
                  r="4"
                  stroke="#3182bd"
                  stroke-width="1"
                  width="490"
                />
              </g>
            </g>
          </svg>
        </div>
      </div>
    </div>
    <div
      class="_chartCard_6dc87e"
    >
      <h3
        class="_chartTitle_6dc87e"
      >
        Disk Usage
      </h3>
      <div
        aria-label="Disk usage chart"
        data-testid="disk-chart"
        role="img"
      >
        <div
          class="recharts-wrapper"
          style="position: relative; cursor: default; width: 600px; height: 300px;"
        >
          <svg
            class="recharts-surface"
            height="300"
            style="width: 100%; height: 100%;"
            viewBox="0 0 600 300"
            width="600"
          >
            <title />
            <desc />
            <defs>
              <clippath
                id="recharts7-clip"
              >
                <rect
                  height="260"
                  width="490"
                  x="105"
                  y="5"
                />
              </clippath>
            </defs>
            <g
              class="recharts-layer recharts-cartesian-axis recharts-xAxis xAxis"
            >
              <line
                class="recharts-cartesian-axis-line"
                fill="none"
                height="30"
                orientation="bottom"
                stroke="#666"
                width="490"
                x="105"
                x1="105"
                x2="595"
                y="265"
                y1="265"
                y2="265"
              />
              <g
                class="recharts-cartesian-axis-ticks"
              >
                <g
                  class="recharts-layer recharts-cartesian-axis-tick"
                >
                  <line
                    class="recharts-cartesian-axis-tick-line"
                    fill="none"
                    height="30"
                    orientation="bottom"
                    stroke="#666"
                    width="490"
                    x="105"
                    x1="105"
                    x2="105"
                    y="265"
                    y1="271"
                    y2="265"
                  />
                  <text
                    class="recharts-text recharts-cartesian-axis-tick-value"
                    fill="#666"
                    height="30"
                    orientation="bottom"
                    stroke="none"
                    text-anchor="middle"
                    width="490"
                    x="105"
                    y="273"
                  >
                    <tspan
                      dy="0.71em"
                      x="105"
                    >
                      0 %
                    </tspan>
                  </text>
                </g>
                <g
                  class="recharts-layer recharts-cartesian-axis-tick"
                >
                  <line
                    class="recharts-cartesian-axis-tick-line"
                    fill="none"
                    height="30"
                    orientation="bottom"
                    stroke="#666"
                    width="490"
                    x="105"
                    x1="227.5"
                    x2="227.5"
                    y="265"
                    y1="271"
                    y2="265"
                  />
                  <text
                    class="recharts-text recharts-cartesian-axis-tick-value"
                    fill="#666"
                    height="30"
                    orientation="bottom"
                    stroke="none"
                    text-anchor="middle"
                    width="490"
                    x="227.5"
                    y="273"
                  >
                    <tspan
                      dy="0.71em"
                      x="227.5"
                    >
                      25 %
                    </tspan>
                  </text>
                </g>
                <g
                  class="recharts-layer recharts-cartesian-axis-tick"
                >
                  <line
                    class="recharts-cartesian-axis-tick-line"
                    fill="none"
                    height="30"
                    orientation="bottom"
                    stroke="#666"
                    width="490"
                    x="105"
                    x1="350"
                    x2="350"
                    y="265"
                    y1="271"
                    y2="265"
                  />
                  <text
                    class="recharts-text recharts-cartesian-axis-tick-value"
                    fill="#666"
                    height="30"
                    orientation="bottom"
                    stroke="none"
                    text-anchor="middle"
                    width="490"
                    x="350"
                    y="273"
                  >
                    <tspan
                      dy="0.71em"
                      x="350"
                    >
                      50 %
                    </tspan>
                  </text>
                </g>
                <g
                  class="recharts-layer recharts-cartesian-axis-tick"
                >
                  <line
                    class="recharts-cartesian-axis-tick-line"
                    fill="none"
                    height="30"
                    orientation="bottom"
                    stroke="#666"
                    width="490"
                    x="105"
                    x1="472.5"
                    x2="472.5"
                    y="265"
                    y1="271"
                    y2="265"
                  />
                  <text
                    class="recharts-text recharts-cartesian-axis-tick-value"
                    fill="#666"
                    height="30"
                    orientation="bottom"
                    stroke="none"
                    text-anchor="middle"
                    width="490"
                    x="472.5"
                    y="273"
                  >
                    <tspan
                      dy="0.71em"
                      x="472.5"
                    >
                      75 %
                    </tspan>
                  </text>
                </g>
                <g
                  class="recharts-layer recharts-cartesian-axis-tick"
                >
                  <line
                    class="recharts-cartesian-axis-tick-line"
                    fill="none"
                    height="30"
                    orientation="bottom"
                    stroke="#666"
                    width="490"
                    x="105"
                    x1="595"
                    x2="595"
                    y="265"
                    y1="271"
                    y2="265"
                  />
                  <text
                    class="recharts-text recharts-cartesian-axis-tick-value"
                    fill="#666"
                    height="30"
                    orientation="bottom"
                    stroke="none"
                    text-anchor="middle"
                    width="490"
                    x="595"
                    y="273"
                  >
                    <tspan
                      dy="0.71em"
                      x="595"
                    >
                      100 %
                    </tspan>
                  </text>
                </g>
              </g>
            </g>
            <g
              class="recharts-layer recharts-cartesian-axis recharts-yAxis yAxis"
            >
              <line
                class="recharts-cartesian-axis-line"
                fill="none"
                height="260"
                orientation="left"
                stroke="#666"
                width="100"
                x="5"
                x1="105"
                x2="105"
                y="5"
                y1="5"
                y2="265"
              />
              <g
                class="recharts-cartesian-axis-ticks"
              >
                <g
                  class="recharts-layer recharts-cartesian-axis-tick"
                >
                  <line
                    class="recharts-cartesian-axis-tick-line"
                    fill="none"
                    height="260"
                    orientation="left"
                    stroke="#666"
                    width="100"
                    x="5"
                    x1="99"
                    x2="105"
                    y="5"
                    y1="135"
                    y2="135"
                  />
                  <text
                    class="recharts-text recharts-cartesian-axis-tick-value"
                    fill="#666"
                    height="260"
                    orientation="left"
                    stroke="none"
                    text-anchor="end"
                    width="100"
                    x="97"
                    y="135"
                  >
                    <tspan
                      dy="0.355em"
                      x="97"
                    >
                      /
                    </tspan>
                  </text>
                </g>
              </g>
            </g>
            <g
              class="recharts-layer recharts-bar"
            >
              <g
                class="recharts-layer recharts-bar-rectangles"
              >
                <g
                  class="recharts-layer recharts-bar-rectangle"
                >
                  <path
                    class="recharts-rectangle"
                    d="M 105,31 h 294 v 208 h -294 Z"
                    fill="#9affc6"
                    height="208"
                    radius="0"
                    width="294"
                    x="105"
                    y="31"
                  />
                </g>
              </g>
              <g
                class="recharts-layer"
              />
            </g>
          </svg>
        </div>
      </div>
    </div>
    <p
      class="_timestamp_6dc87e"
    >
      Last updated: 6:00:00 PM
    </p>
  </section>
</DocumentFragment>
`;

exports[`<Dashboard /> responsive snapshots > matches the mobile viewport snapshot 1`] = `
<DocumentFragment>
  <section
    class="_dashboard_6dc87e"
    data-testid="dashboard"
  >
    <div
      class="_chartCard_6dc87e"
    >
      <h3
        class="_chartTitle_6dc87e"
      >
        CPU Usage
      </h3>
      <div
        aria-label="CPU usage chart"
        data-testid="cpu-chart"
        role="img"
      >
        <div
          class="recharts-wrapper"
          style="position: relative; cursor: default; width: 600px; height: 300px;"
        >
          <svg
            class="recharts-surface"
            height="300"
            style="width: 100%; height: 100%;"
            viewBox="0 0 600 300"
            width="600"
          >
            <title />
            <desc />
            <defs>
              <clippath
                id="recharts25-clip"
              >
                <rect
                  height="260"
                  width="490"
                  x="105"
                  y="5"
                />
              </clippath>
            </defs>
            <g
              class="recharts-layer recharts-cartesian-axis recharts-xAxis xAxis"
            >
              <line
                class="recharts-cartesian-axis-line"
                fill="none"
                height="30"
                orientation="bottom"
                stroke="#666"
                width="490"
                x="105"
                x1="105"
                x2="595"
                y="265"
                y1="265"
                y2="265"
              />
              <g
                class="recharts-cartesian-axis-ticks"
              >
                <g
                  class="recharts-layer recharts-cartesian-axis-tick"
                >
                  <line
                    class="recharts-cartesian-axis-tick-line"
                    fill="none"
                    height="30"
                    orientation="bottom"
                    stroke="#666"
                    width="490"
                    x="105"
                    x1="350"
                    x2="350"
                    y="265"
                    y1="271"
                    y2="265"
                  />
                  <text
                    class="recharts-text recharts-cartesian-axis-tick-value"
                    fill="#666"
                    height="30"
                    orientation="bottom"
                    stroke="none"
                    text-anchor="middle"
                    width="490"
                    x="350"
                    y="273"
                  >
                    <tspan
                      dy="0.71em"
                      x="350"
                    >
                      18:00:00
                    </tspan>
                  </text>
                </g>
              </g>
            </g>
            <g
              class="recharts-layer recharts-cartesian-axis recharts-yAxis yAxis"
            >
              <line
                class="recharts-cartesian-axis-line"
                fill="none"
                height="260"
                orientation="left"
                stroke="#666"
                width="100"
                x="5"
                x1="105"
                x2="105"
                y="5"
                y1="5"
                y2="265"
              />
              <g
                class="recharts-cartesian-axis-ticks"
              >
                <g
                  class="recharts-layer recharts-cartesian-axis-tick"
                >
                  <line
                    class="recharts-cartesian-axis-tick-line"
                    fill="none"
                    height="260"
                    orientation="left"
                    stroke="#666"
                    width="100"
                    x="5"
                    x1="99"
                    x2="105"
                    y="5"
                    y1="265"
                    y2="265"
                  />
                  <text
                    class="recharts-text recharts-cartesian-axis-tick-value"
                    fill="#666"
                    height="260"
                    orientation="left"
                    stroke="none"
                    text-anchor="end"
                    width="100"
                    x="97"
                    y="265"
                  >
                    <tspan
                      dy="0.355em"
                      x="97"
                    >
                      0 %
                    </tspan>
                  </text>
                </g>
                <g
                  class="recharts-layer recharts-cartesian-axis-tick"
                >
                  <line
                    class="recharts-cartesian-axis-tick-line"
                    fill="none"
                    height="260"
                    orientation="left"
                    stroke="#666"
                    width="100"
                    x="5"
                    x1="99"
                    x2="105"
                    y="5"
                    y1="200"
                    y2="200"
                  />
                  <text
                    class="recharts-text recharts-cartesian-axis-tick-value"
                    fill="#666"
                    height="260"
                    orientation="left"
                    stroke="none"
                    text-anchor="end"
                    width="100"
                    x="97"
                    y="200"
                  >
                    <tspan
                      dy="0.355em"
                      x="97"
                    >
                      25 %
                    </tspan>
                  </text>
                </g>
                <g
                  class="recharts-layer recharts-cartesian-axis-tick"
                >
                  <line
                    class="recharts-cartesian-axis-tick-line"
                    fill="none"
                    height="260"
                    orientation="left"
                    stroke="#666"
                    width="100"
                    x="5"
                    x1="99"
                    x2="105"
                    y="5"
                    y1="135"
                    y2="135"
                  />
                  <text
                    class="recharts-text recharts-cartesian-axis-tick-value"
                    fill="#666"
                    height="260"
                    orientation="left"
                    stroke="none"
                    text-anchor="end"
                    width="100"
                    x="97"
                    y="135"
                  >
                    <tspan
                      dy="0.355em"
                      x="97"
                    >
                      50 %
                    </tspan>
                  </text>
                </g>
                <g
                  class="recharts-layer recharts-cartesian-axis-tick"
                >
                  <line
                    class="recharts-cartesian-axis-tick-line"
                    fill="none"
                    height="260"
                    orientation="left"
                    stroke="#666"
                    width="100"
                    x="5"
                    x1="99"
                    x2="105"
                    y="5"
                    y1="70"
                    y2="70"
                  />
                  <text
                    class="recharts-text recharts-cartesian-axis-tick-value"
                    fill="#666"
                    height="260"
                    orientation="left"
                    stroke="none"
                    text-anchor="end"
                    width="100"
                    x="97"
                    y="70"
                  >
                    <tspan
                      dy="0.355em"
                      x="97"
                    >
                      75 %
                    </tspan>
                  </text>
                </g>
                <g
                  class="recharts-layer recharts-cartesian-axis-tick"
                >
                  <line
                    class="recharts-cartesian-axis-tick-line"
                    fill="none"
                    height="260"
                    orientation="left"
                    stroke="#666"
                    width="100"
                    x="5"
                    x1="99"
                    x2="105"
                    y="5"
                    y1="5"
                    y2="5"
                  />
                  <text
                    class="recharts-text recharts-cartesian-axis-tick-value"
                    fill="#666"
                    height="260"
                    orientation="left"
                    stroke="none"
                    text-anchor="end"
                    width="100"
                    x="97"
                    y="5"
                  >
                    <tspan
                      dy="0.355em"
                      x="97"
                    >
                      100 %
                    </tspan>
                  </text>
                </g>
              </g>
            </g>
            <g
              class="recharts-layer recharts-line"
            >
              <g
                class="recharts-layer"
              />
              <g
                class="recharts-layer recharts-line-dots"
              >
                <circle
                  class="recharts-dot recharts-line-dot"
                  cx="350"
                  cy="155.8"
                  fill="#fff"
                  height="260"
                  r="4"
                  stroke="#3182bd"
                  stroke-width="1"
                  width="490"
                />
              </g>
            </g>
          </svg>
        </div>
      </div>
    </div>
    <div
      class="_chartCard_6dc87e"
    >
      <h3
        class="_chartTitle_6dc87e"
      >
        Memory Usage
      </h3>
      <div
        aria-label="Memory usage chart"
        data-testid="memory-chart"
        role="img"
      >
        <div
          class="recharts-wrapper"
          style="position: relative; cursor: default; width: 600px; height: 300px;"
        >
          <svg
            class="recharts-surface"
            height="300"
            style="width: 100%; height: 100%;"
            viewBox="0 0 600 300"
            width="600"
          >
            <title />
            <desc />
            <defs>
              <clippath
                id="recharts28-clip"
              >
                <rect
                  height="260"
                  width="490"
                  x="105"
                  y="5"
                />
              </clippath>
            </defs>
            <g
              class="recharts-layer recharts-cartesian-axis recharts-xAxis xAxis"
            >
              <line
                class="recharts-cartesian-axis-line"
                fill="none"
                height="30"
                orientation="bottom"
                stroke="#666"
                width="490"
                x="105"
                x1="105"
                x2="595"
                y="265"
                y1="265"
                y2="265"
              />
              <g
                class="recharts-cartesian-axis-ticks"
              >
                <g
                  class="recharts-layer recharts-cartesian-axis-tick"
                >
                  <line
                    class="recharts-cartesian-axis-tick-line"
                    fill="none"
                    height="30"
                    orientation="bottom"
                    stroke="#666"
                    width="490"
                    x="105"
                    x1="350"
                    x2="350"
                    y="265"
                    y1="271"
                    y2="265"
                  />
                  <text
                    class="recharts-text recharts-cartesian-axis-tick-value"
                    fill="#666"
                    height="30"
                    orientation="bottom"
                    stroke="none"
                    text-anchor="middle"
                    width="490"
                    x="350"
                    y="273"
                  >
                    <tspan
                      dy="0.71em"
                      x="350"
                    >
                      18:00:00
                    </tspan>
                  </text>
                </g>
              </g>
            </g>
            <g
              class="recharts-layer recharts-cartesian-axis recharts-yAxis yAxis"
            >
              <line
                class="recharts-cartesian-axis-line"
                fill="none"
                height="260"
                orientation="left"
                stroke="#666"
                width="100"
                x="5"
                x1="105"
                x2="105"
                y="5"
                y1="5"
                y2="265"
              />
              <g
                class="recharts-cartesian-axis-ticks"
              >
                <g
                  class="recharts-layer recharts-cartesian-axis-tick"
                >
                  <line
                    class="recharts-cartesian-axis-tick-line"
                    fill="none"
                    height="260"
                    orientation="left"
                    stroke="#666"
                    width="100"
                    x="5"
                    x1="99"
                    x2="105"
                    y="5"
                    y1="265"
                    y2="265"
                  />
                  <text
                    class="recharts-text recharts-cartesian-axis-tick-value"
                    fill="#666"
                    height="260"
                    orientation="left"
                    stroke="none"
                    text-anchor="end"
                    width="100"
                    x="97"
                    y="265"
                  >
                    <tspan
                      dy="0.355em"
                      x="97"
                    >
                      0 %
                    </tspan>
                  </text>
                </g>
                <g
                  class="recharts-layer recharts-cartesian-axis-tick"
                >
                  <line
                    class="recharts-cartesian-axis-tick-line"
                    fill="none"
                    height="260"
                    orientation="left"
                    stroke="#666"
                    width="100"
                    x="5"
                    x1="99"
                    x2="105"
                    y="5"
                    y1="200"
                    y2="200"
                  />
                  <text
                    class="recharts-text recharts-cartesian-axis-tick-value"
                    fill="#666"
                    height="260"
                    orientation="left"
                    stroke="none"
                    text-anchor="end"
                    width="100"
                    x="97"
                    y="200"
                  >
                    <tspan
                      dy="0.355em"
                      x="97"
                    >
                      25 %
                    </tspan>
                  </text>
                </g>
                <g
                  class="recharts-layer recharts-cartesian-axis-tick"
                >
                  <line
                    class="recharts-cartesian-axis-tick-line"
                    fill="none"
                    height="260"
                    orientation="left"
                    stroke="#666"
                    width="100"
                    x="5"
                    x1="99"
                    x2="105"
                    y="5"
                    y1="135"
                    y2="135"
                  />
                  <text
                    class="recharts-text recharts-cartesian-axis-tick-value"
                    fill="#666"
                    height="260"
                    orientation="left"
                    stroke="none"
                    text-anchor="end"
                    width="100"
                    x="97"
                    y="135"
                  >
                    <tspan
                      dy="0.355em"
                      x="97"
                    >
                      50 %
                    </tspan>
                  </text>
                </g>
                <g
                  class="recharts-layer recharts-cartesian-axis-tick"
                >
                  <line
                    class="recharts-cartesian-axis-tick-line"
                    fill="none"
                    height="260"
                    orientation="left"
                    stroke="#666"
                    width="100"
                    x="5"
                    x1="99"
                    x2="105"
                    y="5"
                    y1="70"
                    y2="70"
                  />
                  <text
                    class="recharts-text recharts-cartesian-axis-tick-value"
                    fill="#666"
                    height="260"
                    orientation="left"
                    stroke="none"
                    text-anchor="end"
                    width="100"
                    x="97"
                    y="70"
                  >
                    <tspan
                      dy="0.355em"
                      x="97"
                    >
                      75 %
                    </tspan>
                  </text>
                </g>
                <g
                  class="recharts-layer recharts-cartesian-axis-tick"
                >
                  <line
                    class="recharts-cartesian-axis-tick-line"
                    fill="none"
                    height="260"
                    orientation="left"
                    stroke="#666"
                    width="100"
                    x="5"
                    x1="99"
                    x2="105"
                    y="5"
                    y1="5"
                    y2="5"
                  />
                  <text
                    class="recharts-text recharts-cartesian-axis-tick-value"
                    fill="#666"
                    height="260"
                    orientation="left"
                    stroke="none"
                    text-anchor="end"
                    width="100"
                    x="97"
                    y="5"
                  >
                    <tspan
                      dy="0.355em"
                      x="97"
                    >
                      100 %
                    </tspan>
                  </text>
                </g>
              </g>
            </g>
            <g
              class="recharts-layer recharts-line"
            >
              <g
                class="recharts-layer"
              />
              <g
                class="recharts-layer recharts-line-dots"
              >
                <circle
                  class="recharts-dot recharts-line-dot"
                  cx="350"
                  cy="135"
                  fill="#fff"
                  height="260"
                  r="4"
                  stroke="#3182bd"
                  stroke-width="1"
                  width="490"
                />
              </g>
            </g>
          </svg>
        </div>
      </div>
    </div>
    <div
      class="_chartCard_6dc87e"
    >
      <h3
        class="_chartTitle_6dc87e"
      >
        Disk Usage
      </h3>
      <div
        aria-label="Disk usage chart"
        data-testid="disk-chart"
        role="img"
      >
        <div
          class="recharts-wrapper"
          style="position: relative; cursor: default; width: 600px; height: 300px;"
        >
          <svg
            class="recharts-surface"
            height="300"
            style="width: 100%; height: 100%;"
            viewBox="0 0 600 300"
            width="600"
          >
            <title />
            <desc />
            <defs>
              <clippath
                id="recharts31-clip"
              >
                <rect
                  height="260"
                  width="490"
                  x="105"
                  y="5"
                />
              </clippath>
            </defs>
            <g
              class="recharts-layer recharts-cartesian-axis recharts-xAxis xAxis"
            >
              <line
                class="recharts-cartesian-axis-line"
                fill="none"
                height="30"
                orientation="bottom"
                stroke="#666"
                width="490"
                x="105"
                x1="105"
                x2="595"
                y="265"
                y1="265"
                y2="265"
              />
              <g
                class="recharts-cartesian-axis-ticks"
              >
                <g
                  class="recharts-layer recharts-cartesian-axis-tick"
                >
                  <line
                    class="recharts-cartesian-axis-tick-line"
                    fill="none"
                    height="30"
                    orientation="bottom"
                    stroke="#666"
                    width="490"
                    x="105"
                    x1="105"
                    x2="105"
                    y="265"
                    y1="271"
                    y2="265"
                  />
                  <text
                    class="recharts-text recharts-cartesian-axis-tick-value"
                    fill="#666"
                    height="30"
                    orientation="bottom"
                    stroke="none"
                    text-anchor="middle"
                    width="490"
                    x="105"
                    y="273"
                  >
                    <tspan
                      dy="0.71em"
                      x="105"
                    >
                      0 %
                    </tspan>
                  </text>
                </g>
                <g
                  class="recharts-layer recharts-cartesian-axis-tick"
                >
                  <line
                    class="recharts-cartesian-axis-tick-line"
                    fill="none"
                    height="30"
                    orientation="bottom"
                    stroke="#666"
                    width="490"
                    x="105"
                    x1="227.5"
                    x2="227.5"
                    y="265"
                    y1="271"
                    y2="265"
                  />
                  <text
                    class="recharts-text recharts-cartesian-axis-tick-value"
                    fill="#666"
                    height="30"
                    orientation="bottom"
                    stroke="none"
                    text-anchor="middle"
                    width="490"
                    x="227.5"
                    y="273"
                  >
                    <tspan
                      dy="0.71em"
                      x="227.5"
                    >
                      25 %
                    </tspan>
                  </text>
                </g>
                <g
                  class="recharts-layer recharts-cartesian-axis-tick"
                >
                  <line
                    class="recharts-cartesian-axis-tick-line"
                    fill="none"
                    height="30"
                    orientation="bottom"
                    stroke="#666"
                    width="490"
                    x="105"
                    x1="350"
                    x2="350"
                    y="265"
                    y1="271"
                    y2="265"
                  />
                  <text
                    class="recharts-text recharts-cartesian-axis-tick-value"
                    fill="#666"
                    height="30"
                    orientation="bottom"
                    stroke="none"
                    text-anchor="middle"
                    width="490"
                    x="350"
                    y="273"
                  >
                    <tspan
                      dy="0.71em"
                      x="350"
                    >
                      50 %
                    </tspan>
                  </text>
                </g>
                <g
                  class="recharts-layer recharts-cartesian-axis-tick"
                >
                  <line
                    class="recharts-cartesian-axis-tick-line"
                    fill="none"
                    height="30"
                    orientation="bottom"
                    stroke="#666"
                    width="490"
                    x="105"
                    x1="472.5"
                    x2="472.5"
                    y="265"
                    y1="271"
                    y2="265"
                  />
                  <text
                    class="recharts-text recharts-cartesian-axis-tick-value"
                    fill="#666"
                    height="30"
                    orientation="bottom"
                    stroke="none"
                    text-anchor="middle"
                    width="490"
                    x="472.5"
                    y="273"
                  >
                    <tspan
                      dy="0.71em"
                      x="472.5"
                    >
                      75 %
                    </tspan>
                  </text>
                </g>
                <g
                  class="recharts-layer recharts-cartesian-axis-tick"
                >
                  <line
                    class="recharts-cartesian-axis-tick-line"
                    fill="none"
                    height="30"
                    orientation="bottom"
                    stroke="#666"
                    width="490"
                    x="105"
                    x1="595"
                    x2="595"
                    y="265"
                    y1="271"
                    y2="265"
                  />
                  <text
                    class="recharts-text recharts-cartesian-axis-tick-value"
                    fill="#666"
                    height="30"
                    orientation="bottom"
                    stroke="none"
                    text-anchor="middle"
                    width="490"
                    x="595"
                    y="273"
                  >
                    <tspan
                      dy="0.71em"
                      x="595"
                    >
                      100 %
                    </tspan>
                  </text>
                </g>
              </g>
            </g>
            <g
              class="recharts-layer recharts-cartesian-axis recharts-yAxis yAxis"
            >
              <line
                class="recharts-cartesian-axis-line"
                fill="none"
                height="260"
                orientation="left"
                stroke="#666"
                width="100"
                x="5"
                x1="105"
                x2="105"
                y="5"
                y1="5"
                y2="265"
              />
              <g
                class="recharts-cartesian-axis-ticks"
              >
                <g
                  class="recharts-layer recharts-cartesian-axis-tick"
                >
                  <line
                    class="recharts-cartesian-axis-tick-line"
                    fill="none"
                    height="260"
                    orientation="left"
                    stroke="#666"
                    width="100"
                    x="5"
                    x1="99"
                    x2="105"
                    y="5"
                    y1="135"
                    y2="135"
                  />
                  <text
                    class="recharts-text recharts-cartesian-axis-tick-value"
                    fill="#666"
                    height="260"
                    orientation="left"
                    stroke="none"
                    text-anchor="end"
                    width="100"
                    x="97"
                    y="135"
                  >
                    <tspan
                      dy="0.355em"
                      x="97"
                    >
                      /
                    </tspan>
                  </text>
                </g>
              </g>
            </g>
            <g
              class="recharts-layer recharts-bar"
            >
              <g
                class="recharts-layer recharts-bar-rectangles"
              >
                <g
                  class="recharts-layer recharts-bar-rectangle"
                >
                  <path
                    class="recharts-rectangle"
                    d="M 105,31 h 294 v 208 h -294 Z"
                    fill="#9affc6"
                    height="208"
                    radius="0"
                    width="294"
                    x="105"
                    y="31"
                  />
                </g>
              </g>
              <g
                class="recharts-layer"
              />
            </g>
          </svg>
        </div>
      </div>
    </div>
    <p
      class="_timestamp_6dc87e"
    >
      Last updated: 6:00:00 PM
    </p>
  </section>
</DocumentFragment>
`;

exports[`<Dashboard /> responsive snapshots > matches the tablet viewport snapshot 1`] = `
<DocumentFragment>
  <section
    class="_dashboard_6dc87e"
    data-testid="dashboard"
  >
    <div
      class="_chartCard_6dc87e"
    >
      <h3
        class="_chartTitle_6dc87e"
      >
        CPU Usage
      </h3>
      <div
        aria-label="CPU usage chart"
        data-testid="cpu-chart"
        role="img"
      >
        <div
          class="recharts-wrapper"
          style="position: relative; cursor: default; width: 600px; height: 300px;"
        >
          <svg
            class="recharts-surface"
            height="300"
            style="width: 100%; height: 100%;"
            viewBox="0 0 600 300"
            width="600"
          >
            <title />
            <desc />
            <defs>
              <clippath
                id="recharts13-clip"
              >
                <rect
                  height="260"
                  width="490"
                  x="105"
                  y="5"
                />
              </clippath>
            </defs>
            <g
              class="recharts-layer recharts-cartesian-axis recharts-xAxis xAxis"
            >
              <line
                class="recharts-cartesian-axis-line"
                fill="none"
                height="30"
                orientation="bottom"
                stroke="#666"
                width="490"
                x="105"
                x1="105"
                x2="595"
                y="265"
                y1="265"
                y2="265"
              />
              <g
                class="recharts-cartesian-axis-ticks"
              >
                <g
                  class="recharts-layer recharts-cartesian-axis-tick"
                >
                  <line
                    class="recharts-cartesian-axis-tick-line"
                    fill="none"
                    height="30"
                    orientation="bottom"
                    stroke="#666"
                    width="490"
                    x="105"
                    x1="350"
                    x2="350"
                    y="265"
                    y1="271"
                    y2="265"
                  />
                  <text
                    class="recharts-text recharts-cartesian-axis-tick-value"
                    fill="#666"
                    height="30"
                    orientation="bottom"
                    stroke="none"
                    text-anchor="middle"
                    width="490"
                    x="350"
                    y="273"
                  >
                    <tspan
                      dy="0.71em"
                      x="350"
                    >
                      18:00:00
                    </tspan>
                  </text>
                </g>
              </g>
            </g>
            <g
              class="recharts-layer recharts-cartesian-axis recharts-yAxis yAxis"
            >
              <line
                class="recharts-cartesian-axis-line"
                fill="none"
                height="260"
                orientation="left"
                stroke="#666"
                width="100"
                x="5"
                x1="105"
                x2="105"
                y="5"
                y1="5"
                y2="265"
              />
              <g
                class="recharts-cartesian-axis-ticks"
              >
                <g
                  class="recharts-layer recharts-cartesian-axis-tick"
                >
                  <line
                    class="recharts-cartesian-axis-tick-line"
                    fill="none"
                    height="260"
                    orientation="left"
                    stroke="#666"
                    width="100"
                    x="5"
                    x1="99"
                    x2="105"
                    y="5"
                    y1="265"
                    y2="265"
                  />
                  <text
                    class="recharts-text recharts-cartesian-axis-tick-value"
                    fill="#666"
                    height="260"
                    orientation="left"
                    stroke="none"
                    text-anchor="end"
                    width="100"
                    x="97"
                    y="265"
                  >
                    <tspan
                      dy="0.355em"
                      x="97"
                    >
                      0 %
                    </tspan>
                  </text>
                </g>
                <g
                  class="recharts-layer recharts-cartesian-axis-tick"
                >
                  <line
                    class="recharts-cartesian-axis-tick-line"
                    fill="none"
                    height="260"
                    orientation="left"
                    stroke="#666"
                    width="100"
                    x="5"
                    x1="99"
                    x2="105"
                    y="5"
                    y1="200"
                    y2="200"
                  />
                  <text
                    class="recharts-text recharts-cartesian-axis-tick-value"
                    fill="#666"
                    height="260"
                    orientation="left"
                    stroke="none"
                    text-anchor="end"
                    width="100"
                    x="97"
                    y="200"
                  >
                    <tspan
                      dy="0.355em"
                      x="97"
                    >
                      25 %
                    </tspan>
                  </text>
                </g>
                <g
                  class="recharts-layer recharts-cartesian-axis-tick"
                >
                  <line
                    class="recharts-cartesian-axis-tick-line"
                    fill="none"
                    height="260"
                    orientation="left"
                    stroke="#666"
                    width="100"
                    x="5"
                    x1="99"
                    x2="105"
                    y="5"
                    y1="135"
                    y2="135"
                  />
                  <text
                    class="recharts-text recharts-cartesian-axis-tick-value"
                    fill="#666"
                    height="260"
                    orientation="left"
                    stroke="none"
                    text-anchor="end"
                    width="100"
                    x="97"
                    y="135"
                  >
                    <tspan
                      dy="0.355em"
                      x="97"
                    >
                      50 %
                    </tspan>
                  </text>
                </g>
                <g
                  class="recharts-layer recharts-cartesian-axis-tick"
                >
                  <line
                    class="recharts-cartesian-axis-tick-line"
                    fill="none"
                    height="260"
                    orientation="left"
                    stroke="#666"
                    width="100"
                    x="5"
                    x1="99"
                    x2="105"
                    y="5"
                    y1="70"
                    y2="70"
                  />
                  <text
                    class="recharts-text recharts-cartesian-axis-tick-value"
                    fill="#666"
                    height="260"
                    orientation="left"
                    stroke="none"
                    text-anchor="end"
                    width="100"
                    x="97"
                    y="70"
                  >
                    <tspan
                      dy="0.355em"
                      x="97"
                    >
                      75 %
                    </tspan>
                  </text>
                </g>
                <g
                  class="recharts-layer recharts-cartesian-axis-tick"
                >
                  <line
                    class="recharts-cartesian-axis-tick-line"
                    fill="none"
                    height="260"
                    orientation="left"
                    stroke="#666"
                    width="100"
                    x="5"
                    x1="99"
                    x2="105"
                    y="5"
                    y1="5"
                    y2="5"
                  />
                  <text
                    class="recharts-text recharts-cartesian-axis-tick-value"
                    fill="#666"
                    height="260"
                    orientation="left"
                    stroke="none"
                    text-anchor="end"
                    width="100"
                    x="97"
                    y="5"
                  >
                    <tspan
                      dy="0.355em"
                      x="97"
                    >
                      100 %
                    </tspan>
                  </text>
                </g>
              </g>
            </g>
            <g
              class="recharts-layer recharts-line"
            >
              <g
                class="recharts-layer"
              />
              <g
                class="recharts-layer recharts-line-dots"
              >
                <circle
                  class="recharts-dot recharts-line-dot"
                  cx="350"
                  cy="155.8"
                  fill="#fff"
                  height="260"
                  r="4"
                  stroke="#3182bd"
                  stroke-width="1"
                  width="490"
                />
              </g>
            </g>
          </svg>
        </div>
      </div>
    </div>
    <div
      class="_chartCard_6dc87e"
    >
      <h3
        class="_chartTitle_6dc87e"
      >
        Memory Usage
      </h3>
      <div
        aria-label="Memory usage chart"
        data-testid="memory-chart"
        role="img"
      >
        <div
          class="recharts-wrapper"
          style="position: relative; cursor: default; width: 600px; height: 300px;"
        >
          <svg
            class="recharts-surface"
            height="300"
            style="width: 100%; height: 100%;"
            viewBox="0 0 600 300"
            width="600"
          >
            <title />
            <desc />
            <defs>
              <clippath
                id="recharts16-clip"
              >
                <rect
                  height="260"
                  width="490"
                  x="105"
                  y="5"
                />
              </clippath>
            </defs>
            <g
              class="recharts-layer recharts-cartesian-axis recharts-xAxis xAxis"
            >
              <line
                class="recharts-cartesian-axis-line"
                fill="none"
                height="30"
                orientation="bottom"
                stroke="#666"
                width="490"
                x="105"
                x1="105"
                x2="595"
                y="265"
                y1="265"
                y2="265"
              />
              <g
                class="recharts-cartesian-axis-ticks"
              >
                <g
                  class="recharts-layer recharts-cartesian-axis-tick"
                >
                  <line
                    class="recharts-cartesian-axis-tick-line"
                    fill="none"
                    height="30"
                    orientation="bottom"
                    stroke="#666"
                    width="490"
                    x="105"
                    x1="350"
                    x2="350"
                    y="265"
                    y1="271"
                    y2="265"
                  />
                  <text
                    class="recharts-text recharts-cartesian-axis-tick-value"
                    fill="#666"
                    height="30"
                    orientation="bottom"
                    stroke="none"
                    text-anchor="middle"
                    width="490"
                    x="350"
                    y="273"
                  >
                    <tspan
                      dy="0.71em"
                      x="350"
                    >
                      18:00:00
                    </tspan>
                  </text>
                </g>
              </g>
            </g>
            <g
              class="recharts-layer recharts-cartesian-axis recharts-yAxis yAxis"
            >
              <line
                class="recharts-cartesian-axis-line"
                fill="none"
                height="260"
                orientation="left"
                stroke="#666"
                width="100"
                x="5"
                x1="105"
                x2="105"
                y="5"
                y1="5"
                y2="265"
              />
              <g
                class="recharts-cartesian-axis-ticks"
              >
                <g
                  class="recharts-layer recharts-cartesian-axis-tick"
                >
                  <line
                    class="recharts-cartesian-axis-tick-line"
                    fill="none"
                    height="260"
                    orientation="left"
                    stroke="#666"
                    width="100"
                    x="5"
                    x1="99"
                    x2="105"
                    y="5"
                    y1="265"
                    y2="265"
                  />
                  <text
                    class="recharts-text recharts-cartesian-axis-tick-value"
                    fill="#666"
                    height="260"
                    orientation="left"
                    stroke="none"
                    text-anchor="end"
                    width="100"
                    x="97"
                    y="265"
                  >
                    <tspan
                      dy="0.355em"
                      x="97"
                    >
                      0 %
                    </tspan>
                  </text>
                </g>
                <g
                  class="recharts-layer recharts-cartesian-axis-tick"
                >
                  <line
                    class="recharts-cartesian-axis-tick-line"
                    fill="none"
                    height="260"
                    orientation="left"
                    stroke="#666"
                    width="100"
                    x="5"
                    x1="99"
                    x2="105"
                    y="5"
                    y1="200"
                    y2="200"
                  />
                  <text
                    class="recharts-text recharts-cartesian-axis-tick-value"
                    fill="#666"
                    height="260"
                    orientation="left"
                    stroke="none"
                    text-anchor="end"
                    width="100"
                    x="97"
                    y="200"
                  >
                    <tspan
                      dy="0.355em"
                      x="97"
                    >
                      25 %
                    </tspan>
                  </text>
                </g>
                <g
                  class="recharts-layer recharts-cartesian-axis-tick"
                >
                  <line
                    class="recharts-cartesian-axis-tick-line"
                    fill="none"
                    height="260"
                    orientation="left"
                    stroke="#666"
                    width="100"
                    x="5"
                    x1="99"
                    x2="105"
                    y="5"
                    y1="135"
                    y2="135"
                  />
                  <text
                    class="recharts-text recharts-cartesian-axis-tick-value"
                    fill="#666"
                    height="260"
                    orientation="left"
                    stroke="none"
                    text-anchor="end"
                    width="100"
                    x="97"
                    y="135"
                  >
                    <tspan
                      dy="0.355em"
                      x="97"
                    >
                      50 %
                    </tspan>
                  </text>
                </g>
                <g
                  class="recharts-layer recharts-cartesian-axis-tick"
                >
                  <line
                    class="recharts-cartesian-axis-tick-line"
                    fill="none"
                    height="260"
                    orientation="left"
                    stroke="#666"
                    width="100"
                    x="5"
                    x1="99"
                    x2="105"
                    y="5"
                    y1="70"
                    y2="70"
                  />
                  <text
                    class="recharts-text recharts-cartesian-axis-tick-value"
                    fill="#666"
                    height="260"
                    orientation="left"
                    stroke="none"
                    text-anchor="end"
                    width="100"
                    x="97"
                    y="70"
                  >
                    <tspan
                      dy="0.355em"
                      x="97"
                    >
                      75 %
                    </tspan>
                  </text>
                </g>
                <g
                  class="recharts-layer recharts-cartesian-axis-tick"
                >
                  <line
                    class="recharts-cartesian-axis-tick-line"
                    fill="none"
                    height="260"
                    orientation="left"
                    stroke="#666"
                    width="100"
                    x="5"
                    x1="99"
                    x2="105"
                    y="5"
                    y1="5"
                    y2="5"
                  />
                  <text
                    class="recharts-text recharts-cartesian-axis-tick-value"
                    fill="#666"
                    height="260"
                    orientation="left"
                    stroke="none"
                    text-anchor="end"
                    width="100"
                    x="97"
                    y="5"
                  >
                    <tspan
                      dy="0.355em"
                      x="97"
                    >
                      100 %
                    </tspan>
                  </text>
                </g>
              </g>
            </g>
            <g
              class="recharts-layer recharts-line"
            >
              <g
                class="recharts-layer"
              />
              <g
                class="recharts-layer recharts-line-dots"
              >
                <circle
                  class="recharts-dot recharts-line-dot"
                  cx="350"
                  cy="135"
                  fill="#fff"
                  height="260"
                  r="4"
                  stroke="#3182bd"
                  stroke-width="1"
                  width="490"
                />
              </g>
            </g>
          </svg>
        </div>
      </div>
    </div>
    <div
      class="_chartCard_6dc87e"
    >
      <h3
        class="_chartTitle_6dc87e"
      >
        Disk Usage
      </h3>
      <div
        aria-label="Disk usage chart"
        data-testid="disk-chart"
        role="img"
      >
        <div
          class="recharts-wrapper"
          style="position: relative; cursor: default; width: 600px; height: 300px;"
        >
          <svg
            class="recharts-surface"
            height="300"
            style="width: 100%; height: 100%;"
            viewBox="0 0 600 300"
            width="600"
          >
            <title />
            <desc />
            <defs>
              <clippath
                id="recharts19-clip"
              >
                <rect
                  height="260"
                  width="490"
                  x="105"
                  y="5"
                />
              </clippath>
            </defs>
            <g
              class="recharts-layer recharts-cartesian-axis recharts-xAxis xAxis"
            >
              <line
                class="recharts-cartesian-axis-line"
                fill="none"
                height="30"
                orientation="bottom"
                stroke="#666"
                width="490"
                x="105"
                x1="105"
                x2="595"
                y="265"
                y1="265"
                y2="265"
              />
              <g
                class="recharts-cartesian-axis-ticks"
              >
                <g
                  class="recharts-layer recharts-cartesian-axis-tick"
                >
                  <line
                    class="recharts-cartesian-axis-tick-line"
                    fill="none"
                    height="30"
                    orientation="bottom"
                    stroke="#666"
                    width="490"
                    x="105"
                    x1="105"
                    x2="105"
                    y="265"
                    y1="271"
                    y2="265"
                  />
                  <text
                    class="recharts-text recharts-cartesian-axis-tick-value"
                    fill="#666"
                    height="30"
                    orientation="bottom"
                    stroke="none"
                    text-anchor="middle"
                    width="490"
                    x="105"
                    y="273"
                  >
                    <tspan
                      dy="0.71em"
                      x="105"
                    >
                      0 %
                    </tspan>
                  </text>
                </g>
                <g
                  class="recharts-layer recharts-cartesian-axis-tick"
                >
                  <line
                    class="recharts-cartesian-axis-tick-line"
                    fill="none"
                    height="30"
                    orientation="bottom"
                    stroke="#666"
                    width="490"
                    x="105"
                    x1="227.5"
                    x2="227.5"
                    y="265"
                    y1="271"
                    y2="265"
                  />
                  <text
                    class="recharts-text recharts-cartesian-axis-tick-value"
                    fill="#666"
                    height="30"
                    orientation="bottom"
                    stroke="none"
                    text-anchor="middle"
                    width="490"
                    x="227.5"
                    y="273"
                  >
                    <tspan
                      dy="0.71em"
                      x="227.5"
                    >
                      25 %
                    </tspan>
                  </text>
                </g>
                <g
                  class="recharts-layer recharts-cartesian-axis-tick"
                >
                  <line
                    class="recharts-cartesian-axis-tick-line"
                    fill="none"
                    height="30"
                    orientation="bottom"
                    stroke="#666"
                    width="490"
                    x="105"
                    x1="350"
                    x2="350"
                    y="265"
                    y1="271"
                    y2="265"
                  />
                  <text
                    class="recharts-text recharts-cartesian-axis-tick-value"
                    fill="#666"
                    height="30"
                    orientation="bottom"
                    stroke="none"
                    text-anchor="middle"
                    width="490"
                    x="350"
                    y="273"
                  >
                    <tspan
                      dy="0.71em"
                      x="350"
                    >
                      50 %
                    </tspan>
                  </text>
                </g>
                <g
                  class="recharts-layer recharts-cartesian-axis-tick"
                >
                  <line
                    class="recharts-cartesian-axis-tick-line"
                    fill="none"
                    height="30"
                    orientation="bottom"
                    stroke="#666"
                    width="490"
                    x="105"
                    x1="472.5"
                    x2="472.5"
                    y="265"
                    y1="271"
                    y2="265"
                  />
                  <text
                    class="recharts-text recharts-cartesian-axis-tick-value"
                    fill="#666"
                    height="30"
                    orientation="bottom"
                    stroke="none"
                    text-anchor="middle"
                    width="490"
                    x="472.5"
                    y="273"
                  >
                    <tspan
                      dy="0.71em"
                      x="472.5"
                    >
                      75 %
                    </tspan>
                  </text>
                </g>
                <g
                  class="recharts-layer recharts-cartesian-axis-tick"
                >
                  <line
                    class="recharts-cartesian-axis-tick-line"
                    fill="none"
                    height="30"
                    orientation="bottom"
                    stroke="#666"
                    width="490"
                    x="105"
                    x1="595"
                    x2="595"
                    y="265"
                    y1="271"
                    y2="265"
                  />
                  <text
                    class="recharts-text recharts-cartesian-axis-tick-value"
                    fill="#666"
                    height="30"
                    orientation="bottom"
                    stroke="none"
                    text-anchor="middle"
                    width="490"
                    x="595"
                    y="273"
                  >
                    <tspan
                      dy="0.71em"
                      x="595"
                    >
                      100 %
                    </tspan>
                  </text>
                </g>
              </g>
            </g>
            <g
              class="recharts-layer recharts-cartesian-axis recharts-yAxis yAxis"
            >
              <line
                class="recharts-cartesian-axis-line"
                fill="none"
                height="260"
                orientation="left"
                stroke="#666"
                width="100"
                x="5"
                x1="105"
                x2="105"
                y="5"
                y1="5"
                y2="265"
              />
              <g
                class="recharts-cartesian-axis-ticks"
              >
                <g
                  class="recharts-layer recharts-cartesian-axis-tick"
                >
                  <line
                    class="recharts-cartesian-axis-tick-line"
                    fill="none"
                    height="260"
                    orientation="left"
                    stroke="#666"
                    width="100"
                    x="5"
                    x1="99"
                    x2="105"
                    y="5"
                    y1="135"
                    y2="135"
                  />
                  <text
                    class="recharts-text recharts-cartesian-axis-tick-value"
                    fill="#666"
                    height="260"
                    orientation="left"
                    stroke="none"
                    text-anchor="end"
                    width="100"
                    x="97"
                    y="135"
                  >
                    <tspan
                      dy="0.355em"
                      x="97"
                    >
                      /
                    </tspan>
                  </text>
                </g>
              </g>
            </g>
            <g
              class="recharts-layer recharts-bar"
            >
              <g
                class="recharts-layer recharts-bar-rectangles"
              >
                <g
                  class="recharts-layer recharts-bar-rectangle"
                >
                  <path
                    class="recharts-rectangle"
                    d="M 105,31 h 294 v 208 h -294 Z"
                    fill="#9affc6"
                    height="208"
                    radius="0"
                    width="294"
                    x="105"
                    y="31"
                  />
                </g>
              </g>
              <g
                class="recharts-layer"
              />
            </g>
          </svg>
        </div>
      </div>
    </div>
    <p
      class="_timestamp_6dc87e"
    >
      Last updated: 6:00:00 PM
    </p>
  </section>
</DocumentFragment>
`;
